Archive member included to satisfy reference by file (symbol)

D:/Apps/Works/STM32/STM32CubeIDE_1.16.0/STM32CubeIDE/plugins/com.st.stm32cube.ide.mcu.externaltools.gnu-tools-for-stm32.12.3.rel1.win32_1.0.200.202406191623/tools/bin/../lib/gcc/arm-none-eabi/12.3.1/../../../../arm-none-eabi/lib/thumb/v7-m/nofp\libc_nano.a(libc_a-exit.o)
                              D:/Apps/Works/STM32/STM32CubeIDE_1.16.0/STM32CubeIDE/plugins/com.st.stm32cube.ide.mcu.externaltools.gnu-tools-for-stm32.12.3.rel1.win32_1.0.200.202406191623/tools/bin/../lib/gcc/arm-none-eabi/12.3.1/../../../../arm-none-eabi/lib/thumb/v7-m/nofp/crt0.o (exit)
D:/Apps/Works/STM32/STM32CubeIDE_1.16.0/STM32CubeIDE/plugins/com.st.stm32cube.ide.mcu.externaltools.gnu-tools-for-stm32.12.3.rel1.win32_1.0.200.202406191623/tools/bin/../lib/gcc/arm-none-eabi/12.3.1/../../../../arm-none-eabi/lib/thumb/v7-m/nofp\libc_nano.a(libc_a-findfp.o)
                              D:/Apps/Works/STM32/STM32CubeIDE_1.16.0/STM32CubeIDE/plugins/com.st.stm32cube.ide.mcu.externaltools.gnu-tools-for-stm32.12.3.rel1.win32_1.0.200.202406191623/tools/bin/../lib/gcc/arm-none-eabi/12.3.1/../../../../arm-none-eabi/lib/thumb/v7-m/nofp\libc_nano.a(libc_a-exit.o) (__stdio_exit_handler)
D:/Apps/Works/STM32/STM32CubeIDE_1.16.0/STM32CubeIDE/plugins/com.st.stm32cube.ide.mcu.externaltools.gnu-tools-for-stm32.12.3.rel1.win32_1.0.200.202406191623/tools/bin/../lib/gcc/arm-none-eabi/12.3.1/../../../../arm-none-eabi/lib/thumb/v7-m/nofp\libc_nano.a(libc_a-fwalk.o)
                              D:/Apps/Works/STM32/STM32CubeIDE_1.16.0/STM32CubeIDE/plugins/com.st.stm32cube.ide.mcu.externaltools.gnu-tools-for-stm32.12.3.rel1.win32_1.0.200.202406191623/tools/bin/../lib/gcc/arm-none-eabi/12.3.1/../../../../arm-none-eabi/lib/thumb/v7-m/nofp\libc_nano.a(libc_a-findfp.o) (_fwalk_sglue)
D:/Apps/Works/STM32/STM32CubeIDE_1.16.0/STM32CubeIDE/plugins/com.st.stm32cube.ide.mcu.externaltools.gnu-tools-for-stm32.12.3.rel1.win32_1.0.200.202406191623/tools/bin/../lib/gcc/arm-none-eabi/12.3.1/../../../../arm-none-eabi/lib/thumb/v7-m/nofp\libc_nano.a(libc_a-printf.o)
                              ./Core/Usr/Src/alpha_beta.o (printf)
D:/Apps/Works/STM32/STM32CubeIDE_1.16.0/STM32CubeIDE/plugins/com.st.stm32cube.ide.mcu.externaltools.gnu-tools-for-stm32.12.3.rel1.win32_1.0.200.202406191623/tools/bin/../lib/gcc/arm-none-eabi/12.3.1/../../../../arm-none-eabi/lib/thumb/v7-m/nofp\libc_nano.a(libc_a-putchar.o)
                              ./Core/Usr/Src/alpha_beta.o (putchar)
D:/Apps/Works/STM32/STM32CubeIDE_1.16.0/STM32CubeIDE/plugins/com.st.stm32cube.ide.mcu.externaltools.gnu-tools-for-stm32.12.3.rel1.win32_1.0.200.202406191623/tools/bin/../lib/gcc/arm-none-eabi/12.3.1/../../../../arm-none-eabi/lib/thumb/v7-m/nofp\libc_nano.a(libc_a-stdio.o)
                              D:/Apps/Works/STM32/STM32CubeIDE_1.16.0/STM32CubeIDE/plugins/com.st.stm32cube.ide.mcu.externaltools.gnu-tools-for-stm32.12.3.rel1.win32_1.0.200.202406191623/tools/bin/../lib/gcc/arm-none-eabi/12.3.1/../../../../arm-none-eabi/lib/thumb/v7-m/nofp\libc_nano.a(libc_a-findfp.o) (__sread)
D:/Apps/Works/STM32/STM32CubeIDE_1.16.0/STM32CubeIDE/plugins/com.st.stm32cube.ide.mcu.externaltools.gnu-tools-for-stm32.12.3.rel1.win32_1.0.200.202406191623/tools/bin/../lib/gcc/arm-none-eabi/12.3.1/../../../../arm-none-eabi/lib/thumb/v7-m/nofp\libc_nano.a(libc_a-memcmp.o)
                              ./Core/Usr/Src/oled.o (memcmp)
D:/Apps/Works/STM32/STM32CubeIDE_1.16.0/STM32CubeIDE/plugins/com.st.stm32cube.ide.mcu.externaltools.gnu-tools-for-stm32.12.3.rel1.win32_1.0.200.202406191623/tools/bin/../lib/gcc/arm-none-eabi/12.3.1/../../../../arm-none-eabi/lib/thumb/v7-m/nofp\libc_nano.a(libc_a-memset.o)
                              D:/Apps/Works/STM32/STM32CubeIDE_1.16.0/STM32CubeIDE/plugins/com.st.stm32cube.ide.mcu.externaltools.gnu-tools-for-stm32.12.3.rel1.win32_1.0.200.202406191623/tools/bin/../lib/gcc/arm-none-eabi/12.3.1/../../../../arm-none-eabi/lib/thumb/v7-m/nofp/crt0.o (memset)
D:/Apps/Works/STM32/STM32CubeIDE_1.16.0/STM32CubeIDE/plugins/com.st.stm32cube.ide.mcu.externaltools.gnu-tools-for-stm32.12.3.rel1.win32_1.0.200.202406191623/tools/bin/../lib/gcc/arm-none-eabi/12.3.1/../../../../arm-none-eabi/lib/thumb/v7-m/nofp\libc_nano.a(libc_a-closer.o)
                              D:/Apps/Works/STM32/STM32CubeIDE_1.16.0/STM32CubeIDE/plugins/com.st.stm32cube.ide.mcu.externaltools.gnu-tools-for-stm32.12.3.rel1.win32_1.0.200.202406191623/tools/bin/../lib/gcc/arm-none-eabi/12.3.1/../../../../arm-none-eabi/lib/thumb/v7-m/nofp\libc_nano.a(libc_a-stdio.o) (_close_r)
D:/Apps/Works/STM32/STM32CubeIDE_1.16.0/STM32CubeIDE/plugins/com.st.stm32cube.ide.mcu.externaltools.gnu-tools-for-stm32.12.3.rel1.win32_1.0.200.202406191623/tools/bin/../lib/gcc/arm-none-eabi/12.3.1/../../../../arm-none-eabi/lib/thumb/v7-m/nofp\libc_nano.a(libc_a-reent.o)
[...]
Memory Configuration

Name             Origin             Length             Attributes
RAM              0x20000000         0x00005000         xrw
FLASH            0x08000000         0x00010000         xr
*default*        0x00000000         0xffffffff

Linker script and memory map

LOAD D:/Apps/Works/STM32/STM32CubeIDE_1.16.0/STM32CubeIDE/plugins/com.st.stm32cube.ide.mcu.externaltools.gnu-tools-for-stm32.12.3.rel1.win32_1.0.200.202406191623/tools/bin/../lib/gcc/arm-none-eabi/12.3.1/thumb/v7-m/nofp/crti.o
LOAD D:/Apps/Works/STM32/STM32CubeIDE_1.16.0/STM32CubeIDE/plugins/com.st.stm32cube.ide.mcu.externaltools.gnu-tools-for-stm32.12.3.rel1.win32_1.0.200.202406191623/tools/bin/../lib/gcc/arm-none-eabi/12.3.1/thumb/v7-m/nofp/crtbegin.o
LOAD D:/Apps/Works/STM32/STM32CubeIDE_1.16.0/STM32CubeIDE/plugins/com.st.stm32cube.ide.mcu.externaltools.gnu-tools-for-stm32.12.3.rel1.win32_1.0.200.202406191623/tools/bin/../lib/gcc/arm-none-eabi/12.3.1/../../../../arm-none-eabi/lib/thumb/v7-m/nofp/crt0.o
LOAD ./Core/Src/dma.o
LOAD ./Core/Src/gpio.o
LOAD ./Core/Src/i2c.o
LOAD ./Core/Src/main.o
LOAD ./Core/Src/stm32f1xx_hal_msp.o
LOAD ./Core/Src/stm32f1xx_it.o
LOAD ./Core/Src/syscalls.o
LOAD ./Core/Src/sysmem.o
LOAD ./Core/Src/system_stm32f1xx.o
LOAD ./Core/Src/tim.o
LOAD ./Core/Src/usart.o
LOAD ./Core/Startup/startup_stm32f103c8tx.o
LOAD ./Core/Usr/Src/Robot.o
LOAD ./Core/Usr/Src/Usrmain.o
LOAD ./Core/Usr/Src/alpha_beta.o
LOAD ./Core/Usr/Src/board.o
LOAD ./Core/Usr/Src/data.o
LOAD ./Core/Usr/Src/font.o
LOAD ./Core/Usr/Src/get_angle.o
LOAD ./Core/Usr/Src/key.o
LOAD ./Core/Usr/Src/oled.o
LOAD ./Drivers/STM32F1xx_HAL_Driver/Src/stm32f1xx_hal.o
LOAD ./Drivers/STM32F1xx_HAL_Driver/Src/stm32f1xx_hal_cortex.o
LOAD ./Drivers/STM32F1xx_HAL_Driver/Src/stm32f1xx_hal_dma.o
LOAD ./Drivers/STM32F1xx_HAL_Driver/Src/stm32f1xx_hal_exti.o
LOAD ./Drivers/STM32F1xx_HAL_Driver/Src/stm32f1xx_hal_flash.o
LOAD ./Drivers/STM32F1xx_HAL_Driver/Src/stm32f1xx_hal_flash_ex.o
LOAD ./Drivers/STM32F1xx_HAL_Driver/Src/stm32f1xx_hal_gpio.o
LOAD ./Drivers/STM32F1xx_HAL_Driver/Src/stm32f1xx_hal_gpio_ex.o
LOAD ./Drivers/STM32F1xx_HAL_Driver/Src/stm32f1xx_hal_i2c.o
LOAD ./Drivers/STM32F1xx_HAL_Driver/Src/stm32f1xx_hal_pwr.o
LOAD ./Drivers/STM32F1xx_HAL_Driver/Src/stm32f1xx_hal_rcc.o
LOAD ./Drivers/STM32F1xx_HAL_Driver/Src/stm32f1xx_hal_rcc_ex.o
LOAD ./Drivers/STM32F1xx_HAL_Driver/Src/stm32f1xx_hal_tim.o
LOAD ./Drivers/STM32F1xx_HAL_Driver/Src/stm32f1xx_hal_tim_ex.o
LOAD ./Drivers/STM32F1xx_HAL_Driver/Src/stm32f1xx_hal_uart.o
START GROUP
LOAD D:/Apps/Works/STM32/STM32CubeIDE_1.16.0/STM32CubeIDE/plugins/com.st.stm32cube.ide.mcu.externaltools.gnu-tools-for-stm32.12.3.rel1.win32_1.0.200.202406191623/tools/bin/../lib/gcc/arm-none-eabi/12.3.1/../../../../arm-none-eabi/lib/thumb/v7-m/nofp\libc_nano.a
LOAD D:/Apps/Works/STM32/STM32CubeIDE_1.16.0/STM32CubeIDE/plugins/com.st.stm32cube.ide.mcu.externaltools.gnu-tools-for-stm32.12.3.rel1.win32_1.0.200.202406191623/tools/bin/../lib/gcc/arm-none-eabi/12.3.1/../../../../arm-none-eabi/lib/thumb/v7-m/nofp\libm.a
END GROUP
START GROUP
LOAD D:/Apps/Works/STM32/STM32CubeIDE_1.16.0/STM32CubeIDE/plugins/com.st.stm32cube.ide.mcu.externaltools.gnu-tools-for-stm32.12.3.rel1.win32_1.0.200.202406191623/tools/bin/../lib/gcc/arm-none-eabi/12.3.1/thumb/v7-m/nofp\libgcc.a
LOAD D:/Apps/Works/STM32/STM32CubeIDE_1.16.0/STM32CubeIDE/plugins/com.st.stm32cube.ide.mcu.externaltools.gnu-tools-for-stm32.12.3.rel1.win32_1.0.200.202406191623/tools/bin/../lib/gcc/arm-none-eabi/12.3.1/../../../../arm-none-eabi/lib/thumb/v7-m/nofp\libc_nano.a
END GROUP
START GROUP
LOAD D:/Apps/Works/STM32/STM32CubeIDE_1.16.0/STM32CubeIDE/plugins/com.st.stm32cube.ide.mcu.externaltools.gnu-tools-for-stm32.12.3.rel1.win32_1.0.200.202406191623/tools/bin/../lib/gcc/arm-none-eabi/12.3.1/thumb/v7-m/nofp\libgcc.a
LOAD D:/Apps/Works/STM32/STM32CubeIDE_1.16.0/STM32CubeIDE/plugins/com.st.stm32cube.ide.mcu.externaltools.gnu-tools-for-stm32.12.3.rel1.win32_1.0.200.202406191623/tools/bin/../lib/gcc/arm-none-eabi/12.3.1/../../../../arm-none-eabi/lib/thumb/v7-m/nofp\libc_nano.a
LOAD D:/Apps/Works/STM32/STM32CubeIDE_1.16.0/STM32CubeIDE/plugins/com.st.stm32cube.ide.mcu.externaltools.gnu-tools-for-stm32.12.3.rel1.win32_1.0.200.202406191623/tools/bin/../lib/gcc/arm-none-eabi/12.3.1/../../../../arm-none-eabi/lib/thumb/v7-m/nofp\libnosys.a
END GROUP
START GROUP
LOAD D:/Apps/Works/STM32/STM32CubeIDE_1.16.0/STM32CubeIDE/plugins/com.st.stm32cube.ide.mcu.externaltools.gnu-tools-for-stm32.12.3.rel1.win32_1.0.200.202406191623/tools/bin/../lib/gcc/arm-none-eabi/12.3.1/thumb/v7-m/nofp\libgcc.a
LOAD D:/Apps/Works/STM32/STM32CubeIDE_1.16.0/STM32CubeIDE/plugins/com.st.stm32cube.ide.mcu.externaltools.gnu-tools-for-stm32.12.3.rel1.win32_1.0.200.202406191623/tools/bin/../lib/gcc/arm-none-eabi/12.3.1/../../../../arm-none-eabi/lib/thumb/v7-m/nofp\libc_nano.a
LOAD D:/Apps/Works/STM32/STM32CubeIDE_1.16.0/STM32CubeIDE/plugins/com.st.stm32cube.ide.mcu.externaltools.gnu-tools-for-stm32.12.3.rel1.win32_1.0.200.202406191623/tools/bin/../lib/gcc/arm-none-eabi/12.3.1/../../../../arm-none-eabi/lib/thumb/v7-m/nofp\libnosys.a
END GROUP
LOAD D:/Apps/Works/STM32/STM32CubeIDE_1.16.0/STM32CubeIDE/plugins/com.st.stm32cube.ide.mcu.externaltools.gnu-tools-for-stm32.12.3.rel1.win32_1.0.200.202406191623/tools/bin/../lib/gcc/arm-none-eabi/12.3.1/thumb/v7-m/nofp/crtend.o
LOAD D:/Apps/Works/STM32/STM32CubeIDE_1.16.0/STM32CubeIDE/plugins/com.st.stm32cube.ide.mcu.externaltools.gnu-tools-for-stm32.12.3.rel1.win32_1.0.200.202406191623/tools/bin/../lib/gcc/arm-none-eabi/12.3.1/thumb/v7-m/nofp/crtn.o
                0x20005000                        _estack = (ORIGIN (RAM) + LENGTH (RAM))
                0x00000200                        _Min_Heap_Size = 0x200
                0x00000400                        _Min_Stack_Size = 0x400

.isr_vector     0x08000000      0x10c
                0x08000000                        . = ALIGN (0x4)
 *(.isr_vector)
 .isr_vector    0x08000000      0x10c ./Core/Startup/startup_stm32f103c8tx.o
                0x08000000                g_pfnVectors
                0x0800010c                        . = ALIGN (0x4)

.text           0x0800010c     0x66c8
                0x0800010c                        . = ALIGN (0x4)
 *(.text)
 .text          0x0800010c       0x40 D:/Apps/Works/STM32/STM32CubeIDE_1.16.0/STM32CubeIDE/plugins/com.st.stm32cube.ide.mcu.externaltools.gnu-tools-for-stm32.12.3.rel1.win32_1.0.200.202406191623/tools/bin/../lib/gcc/arm-none-eabi/12.3.1/thumb/v7-m/nofp/crtbegin.o
 *(.text*)
 .text.MX_DMA_Init
                0x0800014c       0x4c ./Core/Src/dma.o
                0x0800014c                MX_DMA_Init
 .text.MX_GPIO_Init
                0x08000198       0xe8 ./Core/Src/gpio.o
                0x08000198                MX_GPIO_Init
 .text.MX_I2C2_Init
                0x08000280       0x5c ./Core/Src/i2c.o
                0x08000280                MX_I2C2_Init
 .text.HAL_I2C_MspInit
                0x080002dc       0x80 ./Core/Src/i2c.o
                0x080002dc                HAL_I2C_MspInit
 .text.main     0x0800035c       0x2a ./Core/Src/main.o
                0x0800035c                main
 .text.SystemClock_Config
                0x08000386       0x8a ./Core/Src/main.o
                0x08000386                SystemClock_Config
 .text.Error_Handler
                0x08000410        0xc ./Core/Src/main.o
                0x08000410                Error_Handler
 .text.HAL_MspInit
                0x0800041c       0x64 ./Core/Src/stm32f1xx_hal_msp.o
                0x0800041c                HAL_MspInit
 .text.NMI_Handler
                0x08000480        0x8 ./Core/Src/stm32f1xx_it.o
                0x08000480                NMI_Handler
 .text.HardFault_Handler
                0x08000488        0x8 ./Core/Src/stm32f1xx_it.o
                0x08000488                HardFault_Handler
 .text.MemManage_Handler
                0x08000490        0x8 ./Core/Src/stm32f1xx_it.o
                0x08000490                MemManage_Handler
 .text.BusFault_Handler
                0x08000498        0x8 ./Core/Src/stm32f1xx_it.o
                0x08000498                BusFault_Handler
 .text.UsageFault_Handler
                0x080004a0        0x8 ./Core/Src/stm32f1xx_it.o
                0x080004a0                UsageFault_Handler
 .text.SVC_Handler
                0x080004a8        0xc ./Core/Src/stm32f1xx_it.o
                0x080004a8                SVC_Handler
 .text.DebugMon_Handler
                0x080004b4        0xc ./Core/Src/stm32f1xx_it.o
                0x080004b4                DebugMon_Handler
 .text.PendSV_Handler
                0x080004c0        0xc ./Core/Src/stm32f1xx_it.o
                0x080004c0                PendSV_Handler
 .text.SysTick_Handler
                0x080004cc        0xc ./Core/Src/stm32f1xx_it.o
                0x080004cc                SysTick_Handler
 .text.DMA1_Channel4_IRQHandler
                0x080004d8       0x14 ./Core/Src/stm32f1xx_it.o
                0x080004d8                DMA1_Channel4_IRQHandler
 .text.DMA1_Channel5_IRQHandler
                0x080004ec       0x14 ./Core/Src/stm32f1xx_it.o
                0x080004ec                DMA1_Channel5_IRQHandler
 .text.TIM4_IRQHandler
                0x08000500       0x14 ./Core/Src/stm32f1xx_it.o
                0x08000500                TIM4_IRQHandler
 .text.USART1_IRQHandler
                0x08000514       0x14 ./Core/Src/stm32f1xx_it.o
                0x08000514                USART1_IRQHandler
 .text.SystemInit
                0x08000528        0xc ./Core/Src/system_stm32f1xx.o
                0x08000528                SystemInit
 .text.MX_TIM4_Init
                0x08000534      0x130 ./Core/Src/tim.o
                0x08000534                MX_TIM4_Init
 .text.HAL_TIM_Base_MspInit
                0x08000664       0x4c ./Core/Src/tim.o
                0x08000664                HAL_TIM_Base_MspInit
 .text.HAL_TIM_MspPostInit
                0x080006b0       0x68 ./Core/Src/tim.o
                0x080006b0                HAL_TIM_MspPostInit
 .text.MX_USART1_UART_Init
                0x08000718       0x54 ./Core/Src/usart.o
                0x08000718                MX_USART1_UART_Init
 .text.HAL_UART_MspInit
                0x0800076c      0x154 ./Core/Src/usart.o
                0x0800076c                HAL_UART_MspInit
 .text.Reset_Handler
                0x080008c0       0x48 ./Core/Startup/startup_stm32f103c8tx.o
                0x080008c0                Reset_Handler
 .text.Default_Handler
                0x08000908        0x2 ./Core/Startup/startup_stm32f103c8tx.o
                0x08000908                RTC_Alarm_IRQHandler
                0x08000908                EXTI2_IRQHandler
                0x08000908                TIM1_CC_IRQHandler
                0x08000908                PVD_IRQHandler
                0x08000908                EXTI3_IRQHandler
                0x08000908                EXTI0_IRQHandler
                0x08000908                I2C2_EV_IRQHandler
                0x08000908                ADC1_2_IRQHandler
                0x08000908                SPI1_IRQHandler
                0x08000908                TAMPER_IRQHandler
                0x08000908                USART3_IRQHandler
                0x08000908                RTC_IRQHandler
                0x08000908                DMA1_Channel7_IRQHandler
                0x08000908                CAN1_RX1_IRQHandler
                0x08000908                I2C1_EV_IRQHandler
                0x08000908                DMA1_Channel6_IRQHandler
                0x08000908                TIM3_IRQHandler
                0x08000908                RCC_IRQHandler
                0x08000908                TIM1_TRG_COM_IRQHandler
                0x08000908                DMA1_Channel1_IRQHandler
                0x08000908                Default_Handler
                0x08000908                EXTI15_10_IRQHandler
                0x08000908                EXTI9_5_IRQHandler
                0x08000908                SPI2_IRQHandler
                0x08000908                EXTI4_IRQHandler
                0x08000908                USB_LP_CAN1_RX0_IRQHandler
                0x08000908                USB_HP_CAN1_TX_IRQHandler
                0x08000908                DMA1_Channel3_IRQHandler
                0x08000908                TIM1_UP_IRQHandler
                0x08000908                WWDG_IRQHandler
                0x08000908                TIM2_IRQHandler
                0x08000908                TIM1_BRK_IRQHandler
                0x08000908                EXTI1_IRQHandler
                0x08000908                USART2_IRQHandler
                0x08000908                I2C2_ER_IRQHandler
                0x08000908                DMA1_Channel2_IRQHandler
                0x08000908                CAN1_SCE_IRQHandler
                0x08000908                FLASH_IRQHandler
                0x08000908                I2C1_ER_IRQHandler
                0x08000908                USBWakeUp_IRQHandler
 .text.Stack_init
                0x0800090a       0x20 ./Core/Usr/Src/Robot.o
                0x0800090a                Stack_init
 .text.Stack_isEmpty
                0x0800092a       0x22 ./Core/Usr/Src/Robot.o
                0x0800092a                Stack_isEmpty
 .text.Stack_isFull
                0x0800094c       0x26 ./Core/Usr/Src/Robot.o
                0x0800094c                Stack_isFull
 .text.Stack_push
                0x08000972       0x64 ./Core/Usr/Src/Robot.o
                0x08000972                Stack_push
 .text.Stack_pop
                0x080009d6       0x80 ./Core/Usr/Src/Robot.o
                0x080009d6                Stack_pop
 *fill*         0x08000a56        0x2 
 .text.Robot_Move
                0x08000a58      0x19c ./Core/Usr/Src/Robot.o
                0x08000a58                Robot_Move
 .text.Robot_Move_Start
                0x08000bf4      0x164 ./Core/Usr/Src/Robot.o
                0x08000bf4                Robot_Move_Start
 .text.Robot_move_point
                0x08000d58      0x39c ./Core/Usr/Src/Robot.o
                0x08000d58                Robot_move_point
 .text.Usr_main
                0x080010f4       0x74 ./Core/Usr/Src/Usrmain.o
                0x080010f4                Usr_main
 .text.task2    0x08001168      0x2b8 ./Core/Usr/Src/Usrmain.o
                0x08001168                task2
 .text.Usr_whilemain
                0x08001420      0x1c4 ./Core/Usr/Src/Usrmain.o
                0x08001420                Usr_whilemain
 .text.evaluate
                0x080015e4      0x1a0 ./Core/Usr/Src/alpha_beta.o
                0x080015e4                evaluate
 .text.alphaBeta
                0x08001784      0x1b2 ./Core/Usr/Src/alpha_beta.o
                0x08001784                alphaBeta
 .text.findBestMove
                0x08001936       0xc2 ./Core/Usr/Src/alpha_beta.o
                0x08001936                findBestMove
 .text.count    0x080019f8       0x5c ./Core/Usr/Src/alpha_beta.o
                0x080019f8                count
 .text.Board_init
                0x08001a54       0x82 ./Core/Usr/Src/board.o
                0x08001a54                Board_init
 .text.Board_next_turn
                0x08001ad6       0x1e ./Core/Usr/Src/board.o
                0x08001ad6                Board_next_turn
 .text.Board_update_board
                0x08001af4       0x62 ./Core/Usr/Src/board.o
                0x08001af4                Board_update_board
 *fill*         0x08001b56        0x2 
 .text.Board_moveBoard
                0x08001b58       0x90 ./Core/Usr/Src/board.o
                0x08001b58                Board_moveBoard
 .text.Board_currentMove
                0x08001be8      0x148 ./Core/Usr/Src/board.o
                0x08001be8                Board_currentMove
 .text.Board_check
                0x08001d30      0x166 ./Core/Usr/Src/board.o
                0x08001d30                Board_check
 *fill*         0x08001e96        0x2 
 .text.Board_receiveBoard
                0x08001e98       0xe4 ./Core/Usr/Src/board.o
                0x08001e98                Board_receiveBoard
 .text.FirstPlay
                0x08001f7c       0xe8 ./Core/Usr/Src/board.o
                0x08001f7c                FirstPlay
 .text.Board_play
                0x08002064      0x17c ./Core/Usr/Src/board.o
                0x08002064                Board_play
 .text.Key_scan_low
                0x080021e0      0x264 ./Core/Usr/Src/key.o
                0x080021e0                Key_scan_low
 .text.Key_scan_high
                0x08002444       0xc0 ./Core/Usr/Src/key.o
                0x08002444                Key_scan_high
 .text.OLED_Send
                0x08002504       0x2c ./Core/Usr/Src/oled.o
                0x08002504                OLED_Send
 .text.OLED_SendCmd
                0x08002530       0x24 ./Core/Usr/Src/oled.o
                0x08002530                OLED_SendCmd
 .text.OLED_Init
                0x08002554       0xb8 ./Core/Usr/Src/oled.o
                0x08002554                OLED_Init
 .text.OLED_NewFrame
                0x0800260c       0x18 ./Core/Usr/Src/oled.o
                0x0800260c                OLED_NewFrame
 .text.OLED_ShowFrame
                0x08002624       0x68 ./Core/Usr/Src/oled.o
                0x08002624                OLED_ShowFrame
 .text.OLED_SetByte_Fine
                0x0800268c       0xf8 ./Core/Usr/Src/oled.o
                0x0800268c                OLED_SetByte_Fine
 .text.OLED_SetBits_Fine
                0x08002784       0xbe ./Core/Usr/Src/oled.o
                0x08002784                OLED_SetBits_Fine
 .text.OLED_SetBits
                0x08002842       0x82 ./Core/Usr/Src/oled.o
                0x08002842                OLED_SetBits
 .text.OLED_SetBlock
                0x080028c4       0xe2 ./Core/Usr/Src/oled.o
                0x080028c4                OLED_SetBlock
 .text.OLED_PrintASCIIChar
                0x080029a6       0x5e ./Core/Usr/Src/oled.o
                0x080029a6                OLED_PrintASCIIChar
 .text._OLED_GetUTF8Len
                0x08002a04       0x52 ./Core/Usr/Src/oled.o
                0x08002a04                _OLED_GetUTF8Len
 .text.OLED_PrintString
                0x08002a56      0x14c ./Core/Usr/Src/oled.o
                0x08002a56                OLED_PrintString
 *fill*         0x08002ba2        0x2 
 .text.HAL_Init
                0x08002ba4       0x2c ./Drivers/STM32F1xx_HAL_Driver/Src/stm32f1xx_hal.o
                0x08002ba4                HAL_Init
 .text.HAL_InitTick
                0x08002bd0       0x60 ./Drivers/STM32F1xx_HAL_Driver/Src/stm32f1xx_hal.o
                0x08002bd0                HAL_InitTick
 .text.HAL_IncTick
                0x08002c30       0x24 ./Drivers/STM32F1xx_HAL_Driver/Src/stm32f1xx_hal.o
                0x08002c30                HAL_IncTick
 .text.HAL_GetTick
                0x08002c54       0x14 ./Drivers/STM32F1xx_HAL_Driver/Src/stm32f1xx_hal.o
                0x08002c54                HAL_GetTick
 .text.HAL_Delay
                0x08002c68       0x48 ./Drivers/STM32F1xx_HAL_Driver/Src/stm32f1xx_hal.o
                0x08002c68                HAL_Delay
 .text.__NVIC_SetPriorityGrouping
                0x08002cb0       0x48 ./Drivers/STM32F1xx_HAL_Driver/Src/stm32f1xx_hal_cortex.o
 .text.__NVIC_GetPriorityGrouping
                0x08002cf8       0x1c ./Drivers/STM32F1xx_HAL_Driver/Src/stm32f1xx_hal_cortex.o
 .text.__NVIC_EnableIRQ
                0x08002d14       0x38 ./Drivers/STM32F1xx_HAL_Driver/Src/stm32f1xx_hal_cortex.o
 .text.__NVIC_SetPriority
                0x08002d4c       0x54 ./Drivers/STM32F1xx_HAL_Driver/Src/stm32f1xx_hal_cortex.o
 .text.NVIC_EncodePriority
                0x08002da0       0x64 ./Drivers/STM32F1xx_HAL_Driver/Src/stm32f1xx_hal_cortex.o
 .text.SysTick_Config
                0x08002e04       0x44 ./Drivers/STM32F1xx_HAL_Driver/Src/stm32f1xx_hal_cortex.o
 .text.HAL_NVIC_SetPriorityGrouping
                0x08002e48       0x16 ./Drivers/STM32F1xx_HAL_Driver/Src/stm32f1xx_hal_cortex.o
                0x08002e48                HAL_NVIC_SetPriorityGrouping
 .text.HAL_NVIC_SetPriority
                0x08002e5e       0x38 ./Drivers/STM32F1xx_HAL_Driver/Src/stm32f1xx_hal_cortex.o
                0x08002e5e                HAL_NVIC_SetPriority
 .text.HAL_NVIC_EnableIRQ
                0x08002e96       0x1c ./Drivers/STM32F1xx_HAL_Driver/Src/stm32f1xx_hal_cortex.o
                0x08002e96                HAL_NVIC_EnableIRQ
 .text.HAL_SYSTICK_Config
                0x08002eb2       0x18 ./Drivers/STM32F1xx_HAL_Driver/Src/stm32f1xx_hal_cortex.o
                0x08002eb2                HAL_SYSTICK_Config
 *fill*         0x08002eca        0x2 
 .text.HAL_DMA_Init
                0x08002ecc       0xb4 ./Drivers/STM32F1xx_HAL_Driver/Src/stm32f1xx_hal_dma.o
                0x08002ecc                HAL_DMA_Init
 .text.HAL_DMA_Start_IT
                0x08002f80       0xc0 ./Drivers/STM32F1xx_HAL_Driver/Src/stm32f1xx_hal_dma.o
                0x08002f80                HAL_DMA_Start_IT
 .text.HAL_DMA_Abort
                0x08003040       0x76 ./Drivers/STM32F1xx_HAL_Driver/Src/stm32f1xx_hal_dma.o
                0x08003040                HAL_DMA_Abort
 *fill*         0x080030b6        0x2 
 .text.HAL_DMA_Abort_IT
                0x080030b8       0xf0 ./Drivers/STM32F1xx_HAL_Driver/Src/stm32f1xx_hal_dma.o
                0x080030b8                HAL_DMA_Abort_IT
 .text.HAL_DMA_IRQHandler
                0x080031a8      0x20c ./Drivers/STM32F1xx_HAL_Driver/Src/stm32f1xx_hal_dma.o
                0x080031a8                HAL_DMA_IRQHandler
 .text.DMA_SetConfig
                0x080033b4       0x5a ./Drivers/STM32F1xx_HAL_Driver/Src/stm32f1xx_hal_dma.o
 *fill*         0x0800340e        0x2 
 .text.HAL_GPIO_Init
                0x08003410      0x308 ./Drivers/STM32F1xx_HAL_Driver/Src/stm32f1xx_hal_gpio.o
                0x08003410                HAL_GPIO_Init
 .text.HAL_GPIO_ReadPin
                0x08003718       0x2e ./Drivers/STM32F1xx_HAL_Driver/Src/stm32f1xx_hal_gpio.o
                0x08003718                HAL_GPIO_ReadPin
 .text.HAL_GPIO_WritePin
                0x08003746       0x30 ./Drivers/STM32F1xx_HAL_Driver/Src/stm32f1xx_hal_gpio.o
                0x08003746                HAL_GPIO_WritePin
 *fill*         0x08003776        0x2 
 .text.HAL_I2C_Init
                0x08003778      0x288 ./Drivers/STM32F1xx_HAL_Driver/Src/stm32f1xx_hal_i2c.o
                0x08003778                HAL_I2C_Init
 .text.HAL_I2C_Master_Transmit
                0x08003a00      0x1fc ./Drivers/STM32F1xx_HAL_Driver/Src/stm32f1xx_hal_i2c.o
                0x08003a00                HAL_I2C_Master_Transmit
 .text.I2C_MasterRequestWrite
                0x08003bfc      0x104 ./Drivers/STM32F1xx_HAL_Driver/Src/stm32f1xx_hal_i2c.o
 .text.I2C_WaitOnFlagUntilTimeout
                0x08003d00       0xf4 ./Drivers/STM32F1xx_HAL_Driver/Src/stm32f1xx_hal_i2c.o
 .text.I2C_WaitOnMasterAddressFlagUntilTimeout
                0x08003df4      0x140 ./Drivers/STM32F1xx_HAL_Driver/Src/stm32f1xx_hal_i2c.o
 .text.I2C_WaitOnTXEFlagUntilTimeout
                0x08003f34       0x90 ./Drivers/STM32F1xx_HAL_Driver/Src/stm32f1xx_hal_i2c.o
 .text.I2C_WaitOnBTFFlagUntilTimeout
                0x08003fc4       0x90 ./Drivers/STM32F1xx_HAL_Driver/Src/stm32f1xx_hal_i2c.o
 .text.I2C_IsAcknowledgeFailed
                0x08004054       0x5c ./Drivers/STM32F1xx_HAL_Driver/Src/stm32f1xx_hal_i2c.o
 .text.HAL_RCC_OscConfig
                0x080040b0      0x504 ./Drivers/STM32F1xx_HAL_Driver/Src/stm32f1xx_hal_rcc.o
                0x080040b0                HAL_RCC_OscConfig
 .text.HAL_RCC_ClockConfig
                0x080045b4      0x1d4 ./Drivers/STM32F1xx_HAL_Driver/Src/stm32f1xx_hal_rcc.o
                0x080045b4                HAL_RCC_ClockConfig
 .text.HAL_RCC_GetSysClockFreq
                0x08004788       0xa8 ./Drivers/STM32F1xx_HAL_Driver/Src/stm32f1xx_hal_rcc.o
                0x08004788                HAL_RCC_GetSysClockFreq
 .text.HAL_RCC_GetHCLKFreq
                0x08004830       0x14 ./Drivers/STM32F1xx_HAL_Driver/Src/stm32f1xx_hal_rcc.o
                0x08004830                HAL_RCC_GetHCLKFreq
 .text.HAL_RCC_GetPCLK1Freq
                0x08004844       0x28 ./Drivers/STM32F1xx_HAL_Driver/Src/stm32f1xx_hal_rcc.o
                0x08004844                HAL_RCC_GetPCLK1Freq
 .text.HAL_RCC_GetPCLK2Freq
                0x0800486c       0x28 ./Drivers/STM32F1xx_HAL_Driver/Src/stm32f1xx_hal_rcc.o
                0x0800486c                HAL_RCC_GetPCLK2Freq
 .text.RCC_Delay
                0x08004894       0x3c ./Drivers/STM32F1xx_HAL_Driver/Src/stm32f1xx_hal_rcc.o
 .text.HAL_TIM_Base_Init
                0x080048d0       0x9e ./Drivers/STM32F1xx_HAL_Driver/Src/stm32f1xx_hal_tim.o
                0x080048d0                HAL_TIM_Base_Init
 .text.HAL_TIM_PWM_Init
                0x0800496e       0x9e ./Drivers/STM32F1xx_HAL_Driver/Src/stm32f1xx_hal_tim.o
                0x0800496e                HAL_TIM_PWM_Init
 .text.HAL_TIM_PWM_MspInit
                0x08004a0c       0x12 ./Drivers/STM32F1xx_HAL_Driver/Src/stm32f1xx_hal_tim.o
                0x08004a0c                HAL_TIM_PWM_MspInit
 *fill*         0x08004a1e        0x2 
 .text.HAL_TIM_PWM_Start
                0x08004a20      0x144 ./Drivers/STM32F1xx_HAL_Driver/Src/stm32f1xx_hal_tim.o
                0x08004a20                HAL_TIM_PWM_Start
 .text.HAL_TIM_IRQHandler
                0x08004b64      0x210 ./Drivers/STM32F1xx_HAL_Driver/Src/stm32f1xx_hal_tim.o
                0x08004b64                HAL_TIM_IRQHandler
 .text.HAL_TIM_PWM_ConfigChannel
                0x08004d74      0x184 ./Drivers/STM32F1xx_HAL_Driver/Src/stm32f1xx_hal_tim.o
                0x08004d74                HAL_TIM_PWM_ConfigChannel
 .text.HAL_TIM_ConfigClockSource
                0x08004ef8      0x18e ./Drivers/STM32F1xx_HAL_Driver/Src/stm32f1xx_hal_tim.o
                0x08004ef8                HAL_TIM_ConfigClockSource
 .text.HAL_TIM_PeriodElapsedCallback
                0x08005086       0x12 ./Drivers/STM32F1xx_HAL_Driver/Src/stm32f1xx_hal_tim.o
                0x08005086                HAL_TIM_PeriodElapsedCallback
 .text.HAL_TIM_OC_DelayElapsedCallback
                0x08005098       0x12 ./Drivers/STM32F1xx_HAL_Driver/Src/stm32f1xx_hal_tim.o
                0x08005098                HAL_TIM_OC_DelayElapsedCallback
 .text.HAL_TIM_IC_CaptureCallback
                0x080050aa       0x12 ./Drivers/STM32F1xx_HAL_Driver/Src/stm32f1xx_hal_tim.o
                0x080050aa                HAL_TIM_IC_CaptureCallback
 .text.HAL_TIM_PWM_PulseFinishedCallback
                0x080050bc       0x12 ./Drivers/STM32F1xx_HAL_Driver/Src/stm32f1xx_hal_tim.o
                0x080050bc                HAL_TIM_PWM_PulseFinishedCallback
 .text.HAL_TIM_TriggerCallback
                0x080050ce       0x12 ./Drivers/STM32F1xx_HAL_Driver/Src/stm32f1xx_hal_tim.o
                0x080050ce                HAL_TIM_TriggerCallback
 .text.TIM_Base_SetConfig
                0x080050e0       0xc4 ./Drivers/STM32F1xx_HAL_Driver/Src/stm32f1xx_hal_tim.o
                0x080050e0                TIM_Base_SetConfig
 .text.TIM_OC1_SetConfig
                0x080051a4       0xcc ./Drivers/STM32F1xx_HAL_Driver/Src/stm32f1xx_hal_tim.o
 .text.TIM_OC2_SetConfig
                0x08005270       0xd4 ./Drivers/STM32F1xx_HAL_Driver/Src/stm32f1xx_hal_tim.o
                0x08005270                TIM_OC2_SetConfig
 .text.TIM_OC3_SetConfig
                0x08005344       0xd4 ./Drivers/STM32F1xx_HAL_Driver/Src/stm32f1xx_hal_tim.o
 .text.TIM_OC4_SetConfig
                0x08005418       0x9c ./Drivers/STM32F1xx_HAL_Driver/Src/stm32f1xx_hal_tim.o
 .text.TIM_TI1_ConfigInputStage
                0x080054b4       0x5c ./Drivers/STM32F1xx_HAL_Driver/Src/stm32f1xx_hal_tim.o
 .text.TIM_TI2_ConfigInputStage
                0x08005510       0x5e ./Drivers/STM32F1xx_HAL_Driver/Src/stm32f1xx_hal_tim.o
 .text.TIM_ITRx_SetConfig
                0x0800556e       0x34 ./Drivers/STM32F1xx_HAL_Driver/Src/stm32f1xx_hal_tim.o
 .text.TIM_ETR_SetConfig
                0x080055a2       0x3e ./Drivers/STM32F1xx_HAL_Driver/Src/stm32f1xx_hal_tim.o
                0x080055a2                TIM_ETR_SetConfig
 .text.TIM_CCxChannelCmd
                0x080055e0       0x48 ./Drivers/STM32F1xx_HAL_Driver/Src/stm32f1xx_hal_tim.o
                0x080055e0                TIM_CCxChannelCmd
 .text.HAL_TIMEx_MasterConfigSynchronization
                0x08005628       0xbc ./Drivers/STM32F1xx_HAL_Driver/Src/stm32f1xx_hal_tim_ex.o
                0x08005628                HAL_TIMEx_MasterConfigSynchronization
 .text.HAL_TIMEx_CommutCallback
                0x080056e4       0x12 ./Drivers/STM32F1xx_HAL_Driver/Src/stm32f1xx_hal_tim_ex.o
                0x080056e4                HAL_TIMEx_CommutCallback
 .text.HAL_TIMEx_BreakCallback
                0x080056f6       0x12 ./Drivers/STM32F1xx_HAL_Driver/Src/stm32f1xx_hal_tim_ex.o
                0x080056f6                HAL_TIMEx_BreakCallback
 .text.HAL_UART_Init
                0x08005708       0xa0 ./Drivers/STM32F1xx_HAL_Driver/Src/stm32f1xx_hal_uart.o
                0x08005708                HAL_UART_Init
 .text.HAL_UART_Transmit
                0x080057a8      0x106 ./Drivers/STM32F1xx_HAL_Driver/Src/stm32f1xx_hal_uart.o
                0x080057a8                HAL_UART_Transmit
 .text.HAL_UART_Receive_DMA
                0x080058ae       0x4a ./Drivers/STM32F1xx_HAL_Driver/Src/stm32f1xx_hal_uart.o
                0x080058ae                HAL_UART_Receive_DMA
 .text.HAL_UART_IRQHandler
                0x080058f8      0x524 ./Drivers/STM32F1xx_HAL_Driver/Src/stm32f1xx_hal_uart.o
                0x080058f8                HAL_UART_IRQHandler
 .text.HAL_UART_TxCpltCallback
                0x08005e1c       0x12 ./Drivers/STM32F1xx_HAL_Driver/Src/stm32f1xx_hal_uart.o
                0x08005e1c                HAL_UART_TxCpltCallback
 .text.HAL_UART_RxCpltCallback
                0x08005e2e       0x12 ./Drivers/STM32F1xx_HAL_Driver/Src/stm32f1xx_hal_uart.o
                0x08005e2e                HAL_UART_RxCpltCallback
 .text.HAL_UART_RxHalfCpltCallback
                0x08005e40       0x12 ./Drivers/STM32F1xx_HAL_Driver/Src/stm32f1xx_hal_uart.o
                0x08005e40                HAL_UART_RxHalfCpltCallback
 .text.HAL_UART_ErrorCallback
                0x08005e52       0x12 ./Drivers/STM32F1xx_HAL_Driver/Src/stm32f1xx_hal_uart.o
                0x08005e52                HAL_UART_ErrorCallback
 .text.HAL_UARTEx_RxEventCallback
                0x08005e64       0x16 ./Drivers/STM32F1xx_HAL_Driver/Src/stm32f1xx_hal_uart.o
                0x08005e64                HAL_UARTEx_RxEventCallback
 .text.UART_DMAReceiveCplt
                0x08005e7a      0x12c ./Drivers/STM32F1xx_HAL_Driver/Src/stm32f1xx_hal_uart.o
 .text.UART_DMARxHalfCplt
                0x08005fa6       0x3c ./Drivers/STM32F1xx_HAL_Driver/Src/stm32f1xx_hal_uart.o
 .text.UART_DMAError
                0x08005fe2       0x94 ./Drivers/STM32F1xx_HAL_Driver/Src/stm32f1xx_hal_uart.o
 .text.UART_WaitOnFlagUntilTimeout
                0x08006076       0xdc ./Drivers/STM32F1xx_HAL_Driver/Src/stm32f1xx_hal_uart.o
 *fill*         0x08006152        0x2 
 .text.UART_Start_Receive_DMA
                0x08006154      0x134 ./Drivers/STM32F1xx_HAL_Driver/Src/stm32f1xx_hal_uart.o
                0x08006154                UART_Start_Receive_DMA
 .text.UART_EndTxTransfer
                0x08006288       0x4e ./Drivers/STM32F1xx_HAL_Driver/Src/stm32f1xx_hal_uart.o
 .text.UART_EndRxTransfer
                0x080062d6       0xc4 ./Drivers/STM32F1xx_HAL_Driver/Src/stm32f1xx_hal_uart.o
 .text.UART_DMAAbortOnError
                0x0800639a       0x28 ./Drivers/STM32F1xx_HAL_Driver/Src/stm32f1xx_hal_uart.o
 .text.UART_Transmit_IT
                0x080063c2       0x9e ./Drivers/STM32F1xx_HAL_Driver/Src/stm32f1xx_hal_uart.o
 .text.UART_EndTransmit_IT
                0x08006460       0x30 ./Drivers/STM32F1xx_HAL_Driver/Src/stm32f1xx_hal_uart.o
 .text.UART_Receive_IT
                0x08006490      0x17c ./Drivers/STM32F1xx_HAL_Driver/Src/stm32f1xx_hal_uart.o
 .text.UART_SetConfig
                0x0800660c      0x11c ./Drivers/STM32F1xx_HAL_Driver/Src/stm32f1xx_hal_uart.o
 .text.memcmp   0x08006728       0x20 D:/Apps/Works/STM32/STM32CubeIDE_1.16.0/STM32CubeIDE/plugins/com.st.stm32cube.ide.mcu.externaltools.gnu-tools-for-stm32.12.3.rel1.win32_1.0.200.202406191623/tools/bin/../lib/gcc/arm-none-eabi/12.3.1/../../../../arm-none-eabi/lib/thumb/v7-m/nofp\libc_nano.a(libc_a-memcmp.o)
                0x08006728                memcmp
 .text.memset   0x08006748       0x10 D:/Apps/Works/STM32/STM32CubeIDE_1.16.0/STM32CubeIDE/plugins/com.st.stm32cube.ide.mcu.externaltools.gnu-tools-for-stm32.12.3.rel1.win32_1.0.200.202406191623/tools/bin/../lib/gcc/arm-none-eabi/12.3.1/../../../../arm-none-eabi/lib/thumb/v7-m/nofp\libc_nano.a(libc_a-memset.o)
                0x08006748                memset
 .text.__libc_init_array
                0x08006758       0x48 D:/Apps/Works/STM32/STM32CubeIDE_1.16.0/STM32CubeIDE/plugins/com.st.stm32cube.ide.mcu.externaltools.gnu-tools-for-stm32.12.3.rel1.win32_1.0.200.202406191623/tools/bin/../lib/gcc/arm-none-eabi/12.3.1/../../../../arm-none-eabi/lib/thumb/v7-m/nofp\libc_nano.a(libc_a-init.o)
                0x08006758                __libc_init_array
 .text.memcpy   0x080067a0       0x1c D:/Apps/Works/STM32/STM32CubeIDE_1.16.0/STM32CubeIDE/plugins/com.st.stm32cube.ide.mcu.externaltools.gnu-tools-for-stm32.12.3.rel1.win32_1.0.200.202406191623/tools/bin/../lib/gcc/arm-none-eabi/12.3.1/../../../../arm-none-eabi/lib/thumb/v7-m/nofp\libc_nano.a(libc_a-memcpy-stub.o)
                0x080067a0                memcpy
 *(.glue_7)
 .glue_7        0x080067bc        0x0 linker stubs
 *(.glue_7t)
 .glue_7t       0x080067bc        0x0 linker stubs
 *(.eh_frame)
 .eh_frame      0x080067bc        0x0 D:/Apps/Works/STM32/STM32CubeIDE_1.16.0/STM32CubeIDE/plugins/com.st.stm32cube.ide.mcu.externaltools.gnu-tools-for-stm32.12.3.rel1.win32_1.0.200.202406191623/tools/bin/../lib/gcc/arm-none-eabi/12.3.1/thumb/v7-m/nofp/crtbegin.o
 *(.init)
 .init          0x080067bc        0x4 D:/Apps/Works/STM32/STM32CubeIDE_1.16.0/STM32CubeIDE/plugins/com.st.stm32cube.ide.mcu.externaltools.gnu-tools-for-stm32.12.3.rel1.win32_1.0.200.202406191623/tools/bin/../lib/gcc/arm-none-eabi/12.3.1/thumb/v7-m/nofp/crti.o
                0x080067bc                _init
 .init          0x080067c0        0x8 D:/Apps/Works/STM32/STM32CubeIDE_1.16.0/STM32CubeIDE/plugins/com.st.stm32cube.ide.mcu.externaltools.gnu-tools-for-stm32.12.3.rel1.win32_1.0.200.202406191623/tools/bin/../lib/gcc/arm-none-eabi/12.3.1/thumb/v7-m/nofp/crtn.o
 *(.fini)
 .fini          0x080067c8        0x4 D:/Apps/Works/STM32/STM32CubeIDE_1.16.0/STM32CubeIDE/plugins/com.st.stm32cube.ide.mcu.externaltools.gnu-tools-for-stm32.12.3.rel1.win32_1.0.200.202406191623/tools/bin/../lib/gcc/arm-none-eabi/12.3.1/thumb/v7-m/nofp/crti.o
                0x080067c8                _fini
 .fini          0x080067cc        0x8 D:/Apps/Works/STM32/STM32CubeIDE_1.16.0/STM32CubeIDE/plugins/com.st.stm32cube.ide.mcu.externaltools.gnu-tools-for-stm32.12.3.rel1.win32_1.0.200.202406191623/tools/bin/../lib/gcc/arm-none-eabi/12.3.1/thumb/v7-m/nofp/crtn.o
                0x080067d4                        . = ALIGN (0x4)
                0x080067d4                        _etext = .

.vfp11_veneer   0x080067d4        0x0
 .vfp11_veneer  0x080067d4        0x0 linker stubs

.v4_bx          0x080067d4        0x0
 .v4_bx         0x080067d4        0x0 linker stubs

.iplt           0x080067d4        0x0
 .iplt          0x080067d4        0x0 D:/Apps/Works/STM32/STM32CubeIDE_1.16.0/STM32CubeIDE/plugins/com.st.stm32cube.ide.mcu.externaltools.gnu-tools-for-stm32.12.3.rel1.win32_1.0.200.202406191623/tools/bin/../lib/gcc/arm-none-eabi/12.3.1/thumb/v7-m/nofp/crtbegin.o

.rodata         0x080067d4      0xb9c
                0x080067d4                        . = ALIGN (0x4)
 *(.rodata)
 .rodata        0x080067d4       0x7f ./Core/Usr/Src/Usrmain.o
 *fill*         0x08006853        0x1 
 .rodata        0x08006854       0x1d ./Core/Usr/Src/board.o
 *(.rodata*)
 *fill*         0x08006871        0x3 
 .rodata.AHBPrescTable
                0x08006874       0x10 ./Core/Src/system_stm32f1xx.o
                0x08006874                AHBPrescTable
 .rodata.APBPrescTable
                0x08006884        0x8 ./Core/Src/system_stm32f1xx.o
                0x08006884                APBPrescTable
 .rodata.ascii_16x8
                0x0800688c      0x5f0 ./Core/Usr/Src/font.o
                0x0800688c                ascii_16x8
 .rodata.afont16x8
                0x08006e7c        0x8 ./Core/Usr/Src/font.o
                0x08006e7c                afont16x8
 .rodata.zh16x16
                0x08006e84      0x4c8 ./Core/Usr/Src/font.o
                0x08006e84                zh16x16
 .rodata.font16x16
                0x0800734c       0x10 ./Core/Usr/Src/font.o
                0x0800734c                font16x16
 .rodata.aPLLMULFactorTable.1
                0x0800735c       0x10 ./Drivers/STM32F1xx_HAL_Driver/Src/stm32f1xx_hal_rcc.o
 .rodata.aPredivFactorTable.0
                0x0800736c        0x2 ./Drivers/STM32F1xx_HAL_Driver/Src/stm32f1xx_hal_rcc.o
                0x08007370                        . = ALIGN (0x4)
 *fill*         0x0800736e        0x2 

.ARM.extab      0x08007370        0x0
                0x08007370                        . = ALIGN (0x4)
 *(.ARM.extab* .gnu.linkonce.armextab.*)
                0x08007370                        . = ALIGN (0x4)

.ARM            0x08007370        0x0
                0x08007370                        . = ALIGN (0x4)
                0x08007370                        __exidx_start = .
 *(.ARM.exidx*)
                0x08007370                        __exidx_end = .
                0x08007370                        . = ALIGN (0x4)

.preinit_array  0x08007370        0x0
                0x08007370                        . = ALIGN (0x4)
                0x08007370                        PROVIDE (__preinit_array_start = .)
 *(.preinit_array*)
                0x08007370                        PROVIDE (__preinit_array_end = .)
                0x08007370                        . = ALIGN (0x4)

.init_array     0x08007370        0x4
                0x08007370                        . = ALIGN (0x4)
                0x08007370                        PROVIDE (__init_array_start = .)
 *(SORT_BY_NAME(.init_array.*))
 *(.init_array*)
 .init_array    0x08007370        0x4 D:/Apps/Works/STM32/STM32CubeIDE_1.16.0/STM32CubeIDE/plugins/com.st.stm32cube.ide.mcu.externaltools.gnu-tools-for-stm32.12.3.rel1.win32_1.0.200.202406191623/tools/bin/../lib/gcc/arm-none-eabi/12.3.1/thumb/v7-m/nofp/crtbegin.o
                0x08007374                        PROVIDE (__init_array_end = .)
                0x08007374                        . = ALIGN (0x4)

.fini_array     0x08007374        0x4
                0x08007374                        . = ALIGN (0x4)
                [!provide]                        PROVIDE (__fini_array_start = .)
 *(SORT_BY_NAME(.fini_array.*))
 *(.fini_array*)
 .fini_array    0x08007374        0x4 D:/Apps/Works/STM32/STM32CubeIDE_1.16.0/STM32CubeIDE/plugins/com.st.stm32cube.ide.mcu.externaltools.gnu-tools-for-stm32.12.3.rel1.win32_1.0.200.202406191623/tools/bin/../lib/gcc/arm-none-eabi/12.3.1/thumb/v7-m/nofp/crtbegin.o
                [!provide]                        PROVIDE (__fini_array_end = .)
                0x08007378                        . = ALIGN (0x4)
                0x08007378                        _sidata = LOADADDR (.data)

.rel.dyn        0x08007378        0x0
 .rel.iplt      0x08007378        0x0 D:/Apps/Works/STM32/STM32CubeIDE_1.16.0/STM32CubeIDE/plugins/com.st.stm32cube.ide.mcu.externaltools.gnu-tools-for-stm32.12.3.rel1.win32_1.0.200.202406191623/tools/bin/../lib/gcc/arm-none-eabi/12.3.1/thumb/v7-m/nofp/crtbegin.o

.data           0x20000000        0xc load address 0x08007378
                0x20000000                        . = ALIGN (0x4)
                0x20000000                        _sdata = .
 *(.data)
 *(.data*)
 .data.SystemCoreClock
                0x20000000        0x4 ./Core/Src/system_stm32f1xx.o
                0x20000000                SystemCoreClock
 .data.uwTickPrio
                0x20000004        0x4 ./Drivers/STM32F1xx_HAL_Driver/Src/stm32f1xx_hal.o
                0x20000004                uwTickPrio
 .data.uwTickFreq
                0x20000008        0x1 ./Drivers/STM32F1xx_HAL_Driver/Src/stm32f1xx_hal.o
                0x20000008                uwTickFreq
 *(.RamFunc)
 *(.RamFunc*)
                0x2000000c                        . = ALIGN (0x4)
 *fill*         0x20000009        0x3 
                0x2000000c                        _edata = .

.igot.plt       0x2000000c        0x0 load address 0x08007384
 .igot.plt      0x2000000c        0x0 D:/Apps/Works/STM32/STM32CubeIDE_1.16.0/STM32CubeIDE/plugins/com.st.stm32cube.ide.mcu.externaltools.gnu-tools-for-stm32.12.3.rel1.win32_1.0.200.202406191623/tools/bin/../lib/gcc/arm-none-eabi/12.3.1/thumb/v7-m/nofp/crtbegin.o
                0x2000000c                        . = ALIGN (0x4)

.bss            0x20000010      0x82c load address 0x08007384
                0x20000010                        _sbss = .
                0x20000010                        __bss_start__ = _sbss
 *(.bss)
 .bss           0x20000010       0x1c D:/Apps/Works/STM32/STM32CubeIDE_1.16.0/STM32CubeIDE/plugins/com.st.stm32cube.ide.mcu.externaltools.gnu-tools-for-stm32.12.3.rel1.win32_1.0.200.202406191623/tools/bin/../lib/gcc/arm-none-eabi/12.3.1/thumb/v7-m/nofp/crtbegin.o
 *(.bss*)
 .bss.hi2c2     0x2000002c       0x54 ./Core/Src/i2c.o
                0x2000002c                hi2c2
 .bss.htim4     0x20000080       0x48 ./Core/Src/tim.o
                0x20000080                htim4
 .bss.huart1    0x200000c8       0x48 ./Core/Src/usart.o
                0x200000c8                huart1
 .bss.hdma_usart1_rx
                0x20000110       0x44 ./Core/Src/usart.o
                0x20000110                hdma_usart1_rx
 .bss.hdma_usart1_tx
                0x20000154       0x44 ./Core/Src/usart.o
                0x20000154                hdma_usart1_tx
 .bss.whiteStack
                0x20000198       0xa8 ./Core/Usr/Src/Robot.o
                0x20000198                whiteStack
 .bss.blackStack
                0x20000240       0xa8 ./Core/Usr/Src/Robot.o
                0x20000240                blackStack
 .bss.Usr_UART  0x200002e8        0xb ./Core/Usr/Src/Usrmain.o
                0x200002e8                Usr_UART
 *fill*         0x200002f3        0x5 
 .bss.Robot_data
                0x200002f8       0x40 ./Core/Usr/Src/Usrmain.o
                0x200002f8                Robot_data
 .bss.Key       0x20000338        0x3 ./Core/Usr/Src/Usrmain.o
                0x20000338                Key
 *fill*         0x2000033b        0x1 
 .bss.opeBoard  0x2000033c       0x74 ./Core/Usr/Src/board.o
                0x2000033c                opeBoard
 .bss.OLED_GRAM
                0x200003b0      0x400 ./Core/Usr/Src/oled.o
                0x200003b0                OLED_GRAM
 .bss.sendBuffer.3
                0x200007b0        0x2 ./Core/Usr/Src/oled.o
 *fill*         0x200007b2        0x2 
 .bss.sendBuffer.2
                0x200007b4       0x81 ./Core/Usr/Src/oled.o
 .bss.temp.1    0x20000835        0x1 ./Core/Usr/Src/oled.o
 *fill*         0x20000836        0x2 
 .bss.uwTick    0x20000838        0x4 ./Drivers/STM32F1xx_HAL_Driver/Src/stm32f1xx_hal.o
                0x20000838                uwTick
 *(COMMON)
                0x2000083c                        . = ALIGN (0x4)
                0x2000083c                        _ebss = .
                0x2000083c                        __bss_end__ = _ebss

._user_heap_stack
                0x2000083c      0x604 load address 0x08007384
                0x20000840                        . = ALIGN (0x8)
 *fill*         0x2000083c        0x4 
                [!provide]                        PROVIDE (end = .)
                0x20000840                        PROVIDE (_end = .)
                0x20000a40                        . = (. + _Min_Heap_Size)
 *fill*         0x20000840      0x200 
                0x20000e40                        . = (. + _Min_Stack_Size)
 *fill*         0x20000a40      0x400 
                0x20000e40                        . = ALIGN (0x8)

/DISCARD/
 libc.a(*)
 libm.a(*)
 libgcc.a(*)

.ARM.attributes
                0x00000000       0x29
 *(.ARM.attributes)
 .ARM.attributes
                0x00000000       0x1d D:/Apps/Works/STM32/STM32CubeIDE_1.16.0/STM32CubeIDE/plugins/com.st.stm32cube.ide.mcu.externaltools.gnu-tools-for-stm32.12.3.rel1.win32_1.0.200.202406191623/tools/bin/../lib/gcc/arm-none-eabi/12.3.1/thumb/v7-m/nofp/crti.o
 .ARM.attributes
                0x0000001d       0x2d D:/Apps/Works/STM32/STM32CubeIDE_1.16.0/STM32CubeIDE/plugins/com.st.stm32cube.ide.mcu.externaltools.gnu-tools-for-stm32.12.3.rel1.win32_1.0.200.202406191623/tools/bin/../lib/gcc/arm-none-eabi/12.3.1/thumb/v7-m/nofp/crtbegin.o
 .ARM.attributes
                0x0000004a       0x2d ./Core/Src/dma.o
 .ARM.attributes
                0x00000077       0x2d ./Core/Src/gpio.o
 .ARM.attributes
                0x000000a4       0x2d ./Core/Src/i2c.o
 .ARM.attributes
                0x000000d1       0x2d ./Core/Src/main.o
 .ARM.attributes
                0x000000fe       0x2d ./Core/Src/stm32f1xx_hal_msp.o
 .ARM.attributes
                0x0000012b       0x2d ./Core/Src/stm32f1xx_it.o
 .ARM.attributes
                0x00000158       0x2d ./Core/Src/system_stm32f1xx.o
 .ARM.attributes
                0x00000185       0x2d ./Core/Src/tim.o
 .ARM.attributes
                0x000001b2       0x2d ./Core/Src/usart.o
 .ARM.attributes
                0x000001df       0x21 ./Core/Startup/startup_stm32f103c8tx.o
 .ARM.attributes
                0x00000200       0x2d ./Core/Usr/Src/Robot.o
 .ARM.attributes
                0x0000022d       0x2d ./Core/Usr/Src/Usrmain.o
 .ARM.attributes
                0x0000025a       0x2d ./Core/Usr/Src/alpha_beta.o
 .ARM.attributes
                0x00000287       0x2d ./Core/Usr/Src/board.o
 .ARM.attributes
                0x000002b4       0x2d ./Core/Usr/Src/font.o
 .ARM.attributes
                0x000002e1       0x2d ./Core/Usr/Src/key.o
 .ARM.attributes
                0x0000030e       0x2d ./Core/Usr/Src/oled.o
 .ARM.attributes
                0x0000033b       0x2d ./Drivers/STM32F1xx_HAL_Driver/Src/stm32f1xx_hal.o
 .ARM.attributes
                0x00000368       0x2d ./Drivers/STM32F1xx_HAL_Driver/Src/stm32f1xx_hal_cortex.o
 .ARM.attributes
                0x00000395       0x2d ./Drivers/STM32F1xx_HAL_Driver/Src/stm32f1xx_hal_dma.o
 .ARM.attributes
                0x000003c2       0x2d ./Drivers/STM32F1xx_HAL_Driver/Src/stm32f1xx_hal_gpio.o
 .ARM.attributes
                0x000003ef       0x2d ./Drivers/STM32F1xx_HAL_Driver/Src/stm32f1xx_hal_i2c.o
 .ARM.attributes
                0x0000041c       0x2d ./Drivers/STM32F1xx_HAL_Driver/Src/stm32f1xx_hal_rcc.o
 .ARM.attributes
                0x00000449       0x2d ./Drivers/STM32F1xx_HAL_Driver/Src/stm32f1xx_hal_tim.o
 .ARM.attributes
                0x00000476       0x2d ./Drivers/STM32F1xx_HAL_Driver/Src/stm32f1xx_hal_tim_ex.o
 .ARM.attributes
                0x000004a3       0x2d ./Drivers/STM32F1xx_HAL_Driver/Src/stm32f1xx_hal_uart.o
 .ARM.attributes
                0x000004d0       0x2d D:/Apps/Works/STM32/STM32CubeIDE_1.16.0/STM32CubeIDE/plugins/com.st.stm32cube.ide.mcu.externaltools.gnu-tools-for-stm32.12.3.rel1.win32_1.0.200.202406191623/tools/bin/../lib/gcc/arm-none-eabi/12.3.1/../../../../arm-none-eabi/lib/thumb/v7-m/nofp\libc_nano.a(libc_a-memcmp.o)
 .ARM.attributes
                0x000004fd       0x2d D:/Apps/Works/STM32/STM32CubeIDE_1.16.0/STM32CubeIDE/plugins/com.st.stm32cube.ide.mcu.externaltools.gnu-tools-for-stm32.12.3.rel1.win32_1.0.200.202406191623/tools/bin/../lib/gcc/arm-none-eabi/12.3.1/../../../../arm-none-eabi/lib/thumb/v7-m/nofp\libc_nano.a(libc_a-memset.o)
 .ARM.attributes
                0x0000052a       0x2d D:/Apps/Works/STM32/STM32CubeIDE_1.16.0/STM32CubeIDE/plugins/com.st.stm32cube.ide.mcu.externaltools.gnu-tools-for-stm32.12.3.rel1.win32_1.0.200.202406191623/tools/bin/../lib/gcc/arm-none-eabi/12.3.1/../../../../arm-none-eabi/lib/thumb/v7-m/nofp\libc_nano.a(libc_a-init.o)
 .ARM.attributes
                0x00000557       0x2d D:/Apps/Works/STM32/STM32CubeIDE_1.16.0/STM32CubeIDE/plugins/com.st.stm32cube.ide.mcu.externaltools.gnu-tools-for-stm32.12.3.rel1.win32_1.0.200.202406191623/tools/bin/../lib/gcc/arm-none-eabi/12.3.1/../../../../arm-none-eabi/lib/thumb/v7-m/nofp\libc_nano.a(libc_a-memcpy-stub.o)
 .ARM.attributes
                0x00000584       0x1d D:/Apps/Works/STM32/STM32CubeIDE_1.16.0/STM32CubeIDE/plugins/com.st.stm32cube.ide.mcu.externaltools.gnu-tools-for-stm32.12.3.rel1.win32_1.0.200.202406191623/tools/bin/../lib/gcc/arm-none-eabi/12.3.1/thumb/v7-m/nofp/crtn.o
OUTPUT(Robot.elf elf32-littlearm)
LOAD linker stubs
LOAD D:/Apps/Works/STM32/STM32CubeIDE_1.16.0/STM32CubeIDE/plugins/com.st.stm32cube.ide.mcu.externaltools.gnu-tools-for-stm32.12.3.rel1.win32_1.0.200.202406191623/tools/bin/../lib/gcc/arm-none-eabi/12.3.1/../../../../arm-none-eabi/lib/thumb/v7-m/nofp\libc.a
LOAD D:/Apps/Works/STM32/STM32CubeIDE_1.16.0/STM32CubeIDE/plugins/com.st.stm32cube.ide.mcu.externaltools.gnu-tools-for-stm32.12.3.rel1.win32_1.0.200.202406191623/tools/bin/../lib/gcc/arm-none-eabi/12.3.1/../../../../arm-none-eabi/lib/thumb/v7-m/nofp\libm.a
LOAD D:/Apps/Works/STM32/STM32CubeIDE_1.16.0/STM32CubeIDE/plugins/com.st.stm32cube.ide.mcu.externaltools.gnu-tools-for-stm32.12.3.rel1.win32_1.0.200.202406191623/tools/bin/../lib/gcc/arm-none-eabi/12.3.1/thumb/v7-m/nofp\libgcc.a

.debug_info     0x00000000    0x12f96
 .debug_info    0x00000000      0x2cf ./Core/Src/dma.o
 .debug_info    0x000002cf      0x2d3 ./Core/Src/gpio.o
 .debug_info    0x000005a2      0x7e3 ./Core/Src/i2c.o
 .debug_info    0x00000d85      0x2d2 ./Core/Src/main.o
 .debug_info    0x00001057      0x1f1 ./Core/Src/stm32f1xx_hal_msp.o
 .debug_info    0x00001248      0x994 ./Core/Src/stm32f1xx_it.o
 .debug_info    0x00001bdc      0x222 ./Core/Src/system_stm32f1xx.o
 .debug_info    0x00001dfe      0xbb1 ./Core/Src/tim.o
 .debug_info    0x000029af      0x975 ./Core/Src/usart.o
 .debug_info    0x00003324       0x30 ./Core/Startup/startup_stm32f103c8tx.o
 .debug_info    0x00003354      0xb4c ./Core/Usr/Src/Robot.o
 .debug_info    0x00003ea0      0xf24 ./Core/Usr/Src/Usrmain.o
 .debug_info    0x00004dc4      0x3c7 ./Core/Usr/Src/alpha_beta.o
 .debug_info    0x0000518b      0xe38 ./Core/Usr/Src/board.o
 .debug_info    0x00005fc3      0x305 ./Core/Usr/Src/font.o
 .debug_info    0x000062c8      0x206 ./Core/Usr/Src/key.o
 .debug_info    0x000064ce     0x1258 ./Core/Usr/Src/oled.o
 .debug_info    0x00007726      0x704 ./Drivers/STM32F1xx_HAL_Driver/Src/stm32f1xx_hal.o
 .debug_info    0x00007e2a      0xa87 ./Drivers/STM32F1xx_HAL_Driver/Src/stm32f1xx_hal_cortex.o
 .debug_info    0x000088b1      0x6d2 ./Drivers/STM32F1xx_HAL_Driver/Src/stm32f1xx_hal_dma.o
 .debug_info    0x00008f83      0x5ab ./Drivers/STM32F1xx_HAL_Driver/Src/stm32f1xx_hal_gpio.o
 .debug_info    0x0000952e     0x2515 ./Drivers/STM32F1xx_HAL_Driver/Src/stm32f1xx_hal_i2c.o
 .debug_info    0x0000ba43      0x7d5 ./Drivers/STM32F1xx_HAL_Driver/Src/stm32f1xx_hal_rcc.o
 .debug_info    0x0000c218     0x293b ./Drivers/STM32F1xx_HAL_Driver/Src/stm32f1xx_hal_tim.o
 .debug_info    0x0000eb53     0x149b ./Drivers/STM32F1xx_HAL_Driver/Src/stm32f1xx_hal_tim_ex.o
 .debug_info    0x0000ffee     0x2fa8 ./Drivers/STM32F1xx_HAL_Driver/Src/stm32f1xx_hal_uart.o

.debug_abbrev   0x00000000     0x31d5
 .debug_abbrev  0x00000000       0xfc ./Core/Src/dma.o
 .debug_abbrev  0x000000fc      0x13f ./Core/Src/gpio.o
 .debug_abbrev  0x0000023b      0x1de ./Core/Src/i2c.o
 .debug_abbrev  0x00000419      0x18c ./Core/Src/main.o
 .debug_abbrev  0x000005a5       0xdb ./Core/Src/stm32f1xx_hal_msp.o
 .debug_abbrev  0x00000680      0x19b ./Core/Src/stm32f1xx_it.o
 .debug_abbrev  0x0000081b      0x13f ./Core/Src/system_stm32f1xx.o
 .debug_abbrev  0x0000095a      0x234 ./Core/Src/tim.o
 .debug_abbrev  0x00000b8e      0x21b ./Core/Src/usart.o
 .debug_abbrev  0x00000da9       0x24 ./Core/Startup/startup_stm32f103c8tx.o
 .debug_abbrev  0x00000dcd      0x27c ./Core/Usr/Src/Robot.o
 .debug_abbrev  0x00001049      0x25c ./Core/Usr/Src/Usrmain.o
 .debug_abbrev  0x000012a5      0x147 ./Core/Usr/Src/alpha_beta.o
 .debug_abbrev  0x000013ec      0x2a9 ./Core/Usr/Src/board.o
 .debug_abbrev  0x00001695       0xf9 ./Core/Usr/Src/font.o
 .debug_abbrev  0x0000178e      0x146 ./Core/Usr/Src/key.o
 .debug_abbrev  0x000018d4      0x2ec ./Core/Usr/Src/oled.o
 .debug_abbrev  0x00001bc0      0x201 ./Drivers/STM32F1xx_HAL_Driver/Src/stm32f1xx_hal.o
 .debug_abbrev  0x00001dc1      0x2f8 ./Drivers/STM32F1xx_HAL_Driver/Src/stm32f1xx_hal_cortex.o
 .debug_abbrev  0x000020b9      0x20b ./Drivers/STM32F1xx_HAL_Driver/Src/stm32f1xx_hal_dma.o
 .debug_abbrev  0x000022c4      0x1ca ./Drivers/STM32F1xx_HAL_Driver/Src/stm32f1xx_hal_gpio.o
 .debug_abbrev  0x0000248e      0x2a3 ./Drivers/STM32F1xx_HAL_Driver/Src/stm32f1xx_hal_i2c.o
 .debug_abbrev  0x00002731      0x2b3 ./Drivers/STM32F1xx_HAL_Driver/Src/stm32f1xx_hal_rcc.o
 .debug_abbrev  0x000029e4      0x277 ./Drivers/STM32F1xx_HAL_Driver/Src/stm32f1xx_hal_tim.o
 .debug_abbrev  0x00002c5b      0x282 ./Drivers/STM32F1xx_HAL_Driver/Src/stm32f1xx_hal_tim_ex.o
 .debug_abbrev  0x00002edd      0x2f8 ./Drivers/STM32F1xx_HAL_Driver/Src/stm32f1xx_hal_uart.o

.debug_aranges  0x00000000     0x11a8
 .debug_aranges
                0x00000000       0x20 ./Core/Src/dma.o
 .debug_aranges
                0x00000020       0x20 ./Core/Src/gpio.o
 .debug_aranges
                0x00000040       0x30 ./Core/Src/i2c.o
 .debug_aranges
                0x00000070       0x30 ./Core/Src/main.o
 .debug_aranges
                0x000000a0       0x20 ./Core/Src/stm32f1xx_hal_msp.o
 .debug_aranges
                0x000000c0       0x80 ./Core/Src/stm32f1xx_it.o
 .debug_aranges
                0x00000140       0x28 ./Core/Src/system_stm32f1xx.o
 .debug_aranges
                0x00000168       0x38 ./Core/Src/tim.o
 .debug_aranges
                0x000001a0       0x30 ./Core/Src/usart.o
 .debug_aranges
                0x000001d0       0x28 ./Core/Startup/startup_stm32f103c8tx.o
 .debug_aranges
                0x000001f8       0x78 ./Core/Usr/Src/Robot.o
 .debug_aranges
                0x00000270       0x30 ./Core/Usr/Src/Usrmain.o
 .debug_aranges
                0x000002a0       0x40 ./Core/Usr/Src/alpha_beta.o
 .debug_aranges
                0x000002e0       0x68 ./Core/Usr/Src/board.o
 .debug_aranges
                0x00000348       0x18 ./Core/Usr/Src/font.o
 .debug_aranges
                0x00000360       0x28 ./Core/Usr/Src/key.o
 .debug_aranges
                0x00000388       0xf0 ./Core/Usr/Src/oled.o
 .debug_aranges
                0x00000478       0xe0 ./Drivers/STM32F1xx_HAL_Driver/Src/stm32f1xx_hal.o
 .debug_aranges
                0x00000558      0x100 ./Drivers/STM32F1xx_HAL_Driver/Src/stm32f1xx_hal_cortex.o
 .debug_aranges
                0x00000658       0x80 ./Drivers/STM32F1xx_HAL_Driver/Src/stm32f1xx_hal_dma.o
 .debug_aranges
                0x000006d8       0x58 ./Drivers/STM32F1xx_HAL_Driver/Src/stm32f1xx_hal_gpio.o
 .debug_aranges
                0x00000730      0x2a8 ./Drivers/STM32F1xx_HAL_Driver/Src/stm32f1xx_hal_i2c.o
 .debug_aranges
                0x000009d8       0x90 ./Drivers/STM32F1xx_HAL_Driver/Src/stm32f1xx_hal_rcc.o
 .debug_aranges
                0x00000a68      0x3d0 ./Drivers/STM32F1xx_HAL_Driver/Src/stm32f1xx_hal_tim.o
 .debug_aranges
                0x00000e38      0x168 ./Drivers/STM32F1xx_HAL_Driver/Src/stm32f1xx_hal_tim_ex.o
 .debug_aranges
                0x00000fa0      0x208 ./Drivers/STM32F1xx_HAL_Driver/Src/stm32f1xx_hal_uart.o

.debug_rnglists
                0x00000000      0xdea
 .debug_rnglists
                0x00000000       0x13 ./Core/Src/dma.o
 .debug_rnglists
                0x00000013       0x14 ./Core/Src/gpio.o
 .debug_rnglists
                0x00000027       0x20 ./Core/Src/i2c.o
 .debug_rnglists
                0x00000047       0x20 ./Core/Src/main.o
 .debug_rnglists
                0x00000067       0x13 ./Core/Src/stm32f1xx_hal_msp.o
 .debug_rnglists
                0x0000007a       0x5b ./Core/Src/stm32f1xx_it.o
 .debug_rnglists
                0x000000d5       0x1a ./Core/Src/system_stm32f1xx.o
 .debug_rnglists
                0x000000ef       0x26 ./Core/Src/tim.o
 .debug_rnglists
                0x00000115       0x20 ./Core/Src/usart.o
 .debug_rnglists
                0x00000135       0x19 ./Core/Startup/startup_stm32f103c8tx.o
 .debug_rnglists
                0x0000014e       0x5a ./Core/Usr/Src/Robot.o
 .debug_rnglists
                0x000001a8       0x21 ./Core/Usr/Src/Usrmain.o
 .debug_rnglists
                0x000001c9       0x47 ./Core/Usr/Src/alpha_beta.o
 .debug_rnglists
                0x00000210       0x50 ./Core/Usr/Src/board.o
 .debug_rnglists
                0x00000260       0x1b ./Core/Usr/Src/key.o
 .debug_rnglists
                0x0000027b       0xcb ./Core/Usr/Src/oled.o
 .debug_rnglists
                0x00000346       0xa3 ./Drivers/STM32F1xx_HAL_Driver/Src/stm32f1xx_hal.o
 .debug_rnglists
                0x000003e9       0xbb ./Drivers/STM32F1xx_HAL_Driver/Src/stm32f1xx_hal_cortex.o
 .debug_rnglists
                0x000004a4       0x64 ./Drivers/STM32F1xx_HAL_Driver/Src/stm32f1xx_hal_dma.o
 .debug_rnglists
                0x00000508       0x3f ./Drivers/STM32F1xx_HAL_Driver/Src/stm32f1xx_hal_gpio.o
 .debug_rnglists
                0x00000547      0x23c ./Drivers/STM32F1xx_HAL_Driver/Src/stm32f1xx_hal_i2c.o
 .debug_rnglists
                0x00000783       0x6c ./Drivers/STM32F1xx_HAL_Driver/Src/stm32f1xx_hal_rcc.o
 .debug_rnglists
                0x000007ef      0x31a ./Drivers/STM32F1xx_HAL_Driver/Src/stm32f1xx_hal_tim.o
 .debug_rnglists
                0x00000b09      0x125 ./Drivers/STM32F1xx_HAL_Driver/Src/stm32f1xx_hal_tim_ex.o
 .debug_rnglists
                0x00000c2e      0x1bc ./Drivers/STM32F1xx_HAL_Driver/Src/stm32f1xx_hal_uart.o

.debug_macro    0x00000000    0x19ebf
 .debug_macro   0x00000000      0x1c6 ./Core/Src/dma.o
 .debug_macro   0x000001c6      0xaa8 ./Core/Src/dma.o
 .debug_macro   0x00000c6e      0x227 ./Core/Src/dma.o
 .debug_macro   0x00000e95       0x2e ./Core/Src/dma.o
 .debug_macro   0x00000ec3       0x22 ./Core/Src/dma.o
 .debug_macro   0x00000ee5       0x22 ./Core/Src/dma.o
 .debug_macro   0x00000f07       0x8e ./Core/Src/dma.o
 .debug_macro   0x00000f95       0x51 ./Core/Src/dma.o
 .debug_macro   0x00000fe6      0x103 ./Core/Src/dma.o
 .debug_macro   0x000010e9       0x6a ./Core/Src/dma.o
 .debug_macro   0x00001153      0x1df ./Core/Src/dma.o
 .debug_macro   0x00001332       0x1c ./Core/Src/dma.o
 .debug_macro   0x0000134e       0x22 ./Core/Src/dma.o
 .debug_macro   0x00001370       0xbd ./Core/Src/dma.o
 .debug_macro   0x0000142d      0xd23 ./Core/Src/dma.o
 .debug_macro   0x00002150     0xe09e ./Core/Src/dma.o
 .debug_macro   0x000101ee       0x6d ./Core/Src/dma.o
 .debug_macro   0x0001025b     0x348d ./Core/Src/dma.o
 .debug_macro   0x000136e8      0x189 ./Core/Src/dma.o
 .debug_macro   0x00013871       0x5c ./Core/Src/dma.o
 .debug_macro   0x000138cd      0x5bc ./Core/Src/dma.o
 .debug_macro   0x00013e89      0x289 ./Core/Src/dma.o
 .debug_macro   0x00014112      0x1cb ./Core/Src/dma.o
 .debug_macro   0x000142dd      0x114 ./Core/Src/dma.o
 .debug_macro   0x000143f1      0x1b2 ./Core/Src/dma.o
 .debug_macro   0x000145a3       0x27 ./Core/Src/dma.o
 .debug_macro   0x000145ca      0x136 ./Core/Src/dma.o
 .debug_macro   0x00014700      0x1bc ./Core/Src/dma.o
 .debug_macro   0x000148bc       0x34 ./Core/Src/dma.o
 .debug_macro   0x000148f0       0x3c ./Core/Src/dma.o
 .debug_macro   0x0001492c       0x57 ./Core/Src/dma.o
 .debug_macro   0x00014983       0x87 ./Core/Src/dma.o
 .debug_macro   0x00014a0a      0x240 ./Core/Src/dma.o
 .debug_macro   0x00014c4a      0x287 ./Core/Src/dma.o
 .debug_macro   0x00014ed1      0x140 ./Core/Src/dma.o
 .debug_macro   0x00015011      0x8ed ./Core/Src/dma.o
 .debug_macro   0x000158fe      0x28e ./Core/Src/dma.o
 .debug_macro   0x00015b8c       0x83 ./Core/Src/dma.o
 .debug_macro   0x00015c0f       0x88 ./Core/Src/dma.o
 .debug_macro   0x00015c97      0x1c6 ./Core/Src/gpio.o
 .debug_macro   0x00015e5d      0x1c6 ./Core/Src/i2c.o
 .debug_macro   0x00016023      0x3cf ./Core/Src/main.o
 .debug_macro   0x000163f2       0x61 ./Core/Src/main.o
 .debug_macro   0x00016453       0x24 ./Core/Src/main.o
 .debug_macro   0x00016477       0x43 ./Core/Src/main.o
 .debug_macro   0x000164ba       0x34 ./Core/Src/main.o
 .debug_macro   0x000164ee       0x16 ./Core/Src/main.o
 .debug_macro   0x00016504       0x43 ./Core/Src/main.o
 .debug_macro   0x00016547       0x34 ./Core/Src/main.o
 .debug_macro   0x0001657b       0x10 ./Core/Src/main.o
 .debug_macro   0x0001658b       0x58 ./Core/Src/main.o
 .debug_macro   0x000165e3       0x8e ./Core/Src/main.o
 .debug_macro   0x00016671       0x1c ./Core/Src/main.o
 .debug_macro   0x0001668d      0x177 ./Core/Src/main.o
 .debug_macro   0x00016804      0x369 ./Core/Src/main.o
 .debug_macro   0x00016b6d       0x10 ./Core/Src/main.o
 .debug_macro   0x00016b7d       0x35 ./Core/Src/main.o
 .debug_macro   0x00016bb2       0x20 ./Core/Src/main.o
 .debug_macro   0x00016bd2      0x19b ./Core/Src/main.o
 .debug_macro   0x00016d6d       0x2e ./Core/Src/main.o
 .debug_macro   0x00016d9b       0x1c ./Core/Src/main.o
 .debug_macro   0x00016db7       0x10 ./Core/Src/main.o
 .debug_macro   0x00016dc7       0x1c ./Core/Src/main.o
 .debug_macro   0x00016de3       0x16 ./Core/Src/main.o
 .debug_macro   0x00016df9      0x146 ./Core/Src/main.o
 .debug_macro   0x00016f3f       0x22 ./Core/Src/main.o
 .debug_macro   0x00016f61       0x16 ./Core/Src/main.o
 .debug_macro   0x00016f77       0x16 ./Core/Src/main.o
 .debug_macro   0x00016f8d       0x29 ./Core/Src/main.o
 .debug_macro   0x00016fb6       0x7c ./Core/Src/main.o
 .debug_macro   0x00017032       0x17 ./Core/Src/main.o
 .debug_macro   0x00017049      0x118 ./Core/Src/main.o
 .debug_macro   0x00017161      0x1bc ./Core/Src/stm32f1xx_hal_msp.o
 .debug_macro   0x0001731d      0x1c6 ./Core/Src/stm32f1xx_it.o
 .debug_macro   0x000174e3      0x1ad ./Core/Src/system_stm32f1xx.o
 .debug_macro   0x00017690      0x1c6 ./Core/Src/tim.o
 .debug_macro   0x00017856      0x1c6 ./Core/Src/usart.o
 .debug_macro   0x00017a1c      0x330 ./Core/Usr/Src/Robot.o
 .debug_macro   0x00017d4c      0x3cf ./Core/Usr/Src/Usrmain.o
 .debug_macro   0x0001811b      0x188 ./Core/Usr/Src/alpha_beta.o
 .debug_macro   0x000182a3       0x16 ./Core/Usr/Src/alpha_beta.o
 .debug_macro   0x000182b9       0x9e ./Core/Usr/Src/alpha_beta.o
 .debug_macro   0x00018357      0x10b ./Core/Usr/Src/alpha_beta.o
 .debug_macro   0x00018462       0x16 ./Core/Usr/Src/alpha_beta.o
 .debug_macro   0x00018478      0x3bb ./Core/Usr/Src/board.o
 .debug_macro   0x00018833       0x56 ./Core/Usr/Src/board.o
 .debug_macro   0x00018889       0x16 ./Core/Usr/Src/board.o
 .debug_macro   0x0001889f      0x140 ./Core/Usr/Src/font.o
 .debug_macro   0x000189df      0x1cf ./Core/Usr/Src/key.o
 .debug_macro   0x00018bae      0x30b ./Core/Usr/Src/oled.o
 .debug_macro   0x00018eb9      0x1d1 ./Drivers/STM32F1xx_HAL_Driver/Src/stm32f1xx_hal.o
 .debug_macro   0x0001908a      0x1ad ./Drivers/STM32F1xx_HAL_Driver/Src/stm32f1xx_hal_cortex.o
 .debug_macro   0x00019237      0x1ad ./Drivers/STM32F1xx_HAL_Driver/Src/stm32f1xx_hal_dma.o
 .debug_macro   0x000193e4      0x218 ./Drivers/STM32F1xx_HAL_Driver/Src/stm32f1xx_hal_gpio.o
 .debug_macro   0x000195fc      0x1fb ./Drivers/STM32F1xx_HAL_Driver/Src/stm32f1xx_hal_i2c.o
 .debug_macro   0x000197f7      0x1bf ./Drivers/STM32F1xx_HAL_Driver/Src/stm32f1xx_hal_rcc.o
 .debug_macro   0x000199b6      0x1ae ./Drivers/STM32F1xx_HAL_Driver/Src/stm32f1xx_hal_tim.o
 .debug_macro   0x00019b64      0x1ad ./Drivers/STM32F1xx_HAL_Driver/Src/stm32f1xx_hal_tim_ex.o
 .debug_macro   0x00019d11      0x1ae ./Drivers/STM32F1xx_HAL_Driver/Src/stm32f1xx_hal_uart.o

.debug_line     0x00000000    0x1a04f
 .debug_line    0x00000000      0x7da ./Core/Src/dma.o
 .debug_line    0x000007da      0x800 ./Core/Src/gpio.o
 .debug_line    0x00000fda      0x842 ./Core/Src/i2c.o
 .debug_line    0x0000181c      0xcb5 ./Core/Src/main.o
 .debug_line    0x000024d1      0x7de ./Core/Src/stm32f1xx_hal_msp.o
 .debug_line    0x00002caf      0x8ff ./Core/Src/stm32f1xx_it.o
 .debug_line    0x000035ae      0x85b ./Core/Src/system_stm32f1xx.o
 .debug_line    0x00003e09      0x8b2 ./Core/Src/tim.o
 .debug_line    0x000046bb      0x895 ./Core/Src/usart.o
 .debug_line    0x00004f50       0x78 ./Core/Startup/startup_stm32f103c8tx.o
 .debug_line    0x00004fc8      0xdac ./Core/Usr/Src/Robot.o
 .debug_line    0x00005d74      0xe5f ./Core/Usr/Src/Usrmain.o
 .debug_line    0x00006bd3      0xb7f ./Core/Usr/Src/alpha_beta.o
 .debug_line    0x00007752     0x100a ./Core/Usr/Src/board.o
 .debug_line    0x0000875c      0x689 ./Core/Usr/Src/font.o
 .debug_line    0x00008de5      0x9c0 ./Core/Usr/Src/key.o
 .debug_line    0x000097a5     0x12dc ./Core/Usr/Src/oled.o
 .debug_line    0x0000aa81      0xa88 ./Drivers/STM32F1xx_HAL_Driver/Src/stm32f1xx_hal.o
 .debug_line    0x0000b509      0xc74 ./Drivers/STM32F1xx_HAL_Driver/Src/stm32f1xx_hal_cortex.o
 .debug_line    0x0000c17d      0xee1 ./Drivers/STM32F1xx_HAL_Driver/Src/stm32f1xx_hal_dma.o
 .debug_line    0x0000d05e      0xb21 ./Drivers/STM32F1xx_HAL_Driver/Src/stm32f1xx_hal_gpio.o
 .debug_line    0x0000db7f     0x3cf5 ./Drivers/STM32F1xx_HAL_Driver/Src/stm32f1xx_hal_i2c.o
 .debug_line    0x00011874      0xe91 ./Drivers/STM32F1xx_HAL_Driver/Src/stm32f1xx_hal_rcc.o
 .debug_line    0x00012705     0x3592 ./Drivers/STM32F1xx_HAL_Driver/Src/stm32f1xx_hal_tim.o
 .debug_line    0x00015c97     0x19e7 ./Drivers/STM32F1xx_HAL_Driver/Src/stm32f1xx_hal_tim_ex.o
 .debug_line    0x0001767e     0x29d1 ./Drivers/STM32F1xx_HAL_Driver/Src/stm32f1xx_hal_uart.o

.debug_str      0x00000000    0x8de5a
 .debug_str     0x00000000    0x8503a ./Core/Src/dma.o
                              0x853da (size before relaxing)
 .debug_str     0x0008503a       0xbe ./Core/Src/gpio.o
                              0x8517c (size before relaxing)
 .debug_str     0x000850f8      0x49a ./Core/Src/i2c.o
                              0x85636 (size before relaxing)
 .debug_str     0x00085592     0x4774 ./Core/Src/main.o
                              0x898f0 (size before relaxing)
 .debug_str     0x00089d06       0x5a ./Core/Src/stm32f1xx_hal_msp.o
                              0x85104 (size before relaxing)
 .debug_str     0x00089d60      0x5bb ./Core/Src/stm32f1xx_it.o
                              0x858bd (size before relaxing)
 .debug_str     0x0008a31b       0x7e ./Core/Src/system_stm32f1xx.o
                              0x84f67 (size before relaxing)
 .debug_str     0x0008a399      0x1fe ./Core/Src/tim.o
                              0x85b38 (size before relaxing)
 .debug_str     0x0008a597       0x6d ./Core/Src/usart.o
                              0x85919 (size before relaxing)
 .debug_str     0x0008a604       0x7b ./Core/Startup/startup_stm32f103c8tx.o
 .debug_str     0x0008a67f      0x1b0 ./Core/Usr/Src/Robot.o
                              0x89741 (size before relaxing)
 .debug_str     0x0008a82f      0x19c ./Core/Usr/Src/Usrmain.o
                              0x8a0dd (size before relaxing)
 .debug_str     0x0008a9cb       0x83 ./Core/Usr/Src/alpha_beta.o
                               0x7265 (size before relaxing)
 .debug_str     0x0008aa4e       0xab ./Core/Usr/Src/board.o
                              0x89dff (size before relaxing)
 .debug_str     0x0008aaf9       0x8c ./Core/Usr/Src/font.o
                               0x7248 (size before relaxing)
 .debug_str     0x0008ab85       0x27 ./Core/Usr/Src/key.o
                              0x851c0 (size before relaxing)
 .debug_str     0x0008abac      0x28f ./Core/Usr/Src/oled.o
                              0x892b2 (size before relaxing)
 .debug_str     0x0008ae3b      0x384 ./Drivers/STM32F1xx_HAL_Driver/Src/stm32f1xx_hal.o
                              0x8569a (size before relaxing)
 .debug_str     0x0008b1bf      0x294 ./Drivers/STM32F1xx_HAL_Driver/Src/stm32f1xx_hal_cortex.o
                              0x855e6 (size before relaxing)
 .debug_str     0x0008b453      0x201 ./Drivers/STM32F1xx_HAL_Driver/Src/stm32f1xx_hal_dma.o
                              0x85310 (size before relaxing)
 .debug_str     0x0008b654      0x2d0 ./Drivers/STM32F1xx_HAL_Driver/Src/stm32f1xx_hal_gpio.o
                              0x852ed (size before relaxing)
 .debug_str     0x0008b924      0xb8f ./Drivers/STM32F1xx_HAL_Driver/Src/stm32f1xx_hal_i2c.o
                              0x8602e (size before relaxing)
 .debug_str     0x0008c4b3      0x209 ./Drivers/STM32F1xx_HAL_Driver/Src/stm32f1xx_hal_rcc.o
                              0x85396 (size before relaxing)
 .debug_str     0x0008c6bc      0xd3e ./Drivers/STM32F1xx_HAL_Driver/Src/stm32f1xx_hal_tim.o
                              0x86388 (size before relaxing)
 .debug_str     0x0008d3fa      0x493 ./Drivers/STM32F1xx_HAL_Driver/Src/stm32f1xx_hal_tim_ex.o
                              0x85ba4 (size before relaxing)
 .debug_str     0x0008d88d      0x5cd ./Drivers/STM32F1xx_HAL_Driver/Src/stm32f1xx_hal_uart.o
                              0x85a07 (size before relaxing)

.comment        0x00000000       0x43
 .comment       0x00000000       0x43 ./Core/Src/dma.o
                                 0x44 (size before relaxing)
 .comment       0x00000043       0x44 ./Core/Src/gpio.o
 .comment       0x00000043       0x44 ./Core/Src/i2c.o
 .comment       0x00000043       0x44 ./Core/Src/main.o
 .comment       0x00000043       0x44 ./Core/Src/stm32f1xx_hal_msp.o
 .comment       0x00000043       0x44 ./Core/Src/stm32f1xx_it.o
 .comment       0x00000043       0x44 ./Core/Src/system_stm32f1xx.o
 .comment       0x00000043       0x44 ./Core/Src/tim.o
 .comment       0x00000043       0x44 ./Core/Src/usart.o
 .comment       0x00000043       0x44 ./Core/Usr/Src/Robot.o
 .comment       0x00000043       0x44 ./Core/Usr/Src/Usrmain.o
 .comment       0x00000043       0x44 ./Core/Usr/Src/alpha_beta.o
 .comment       0x00000043       0x44 ./Core/Usr/Src/board.o
 .comment       0x00000043       0x44 ./Core/Usr/Src/font.o
 .comment       0x00000043       0x44 ./Core/Usr/Src/key.o
 .comment       0x00000043       0x44 ./Core/Usr/Src/oled.o
 .comment       0x00000043       0x44 ./Drivers/STM32F1xx_HAL_Driver/Src/stm32f1xx_hal.o
 .comment       0x00000043       0x44 ./Drivers/STM32F1xx_HAL_Driver/Src/stm32f1xx_hal_cortex.o
 .comment       0x00000043       0x44 ./Drivers/STM32F1xx_HAL_Driver/Src/stm32f1xx_hal_dma.o
 .comment       0x00000043       0x44 ./Drivers/STM32F1xx_HAL_Driver/Src/stm32f1xx_hal_gpio.o
 .comment       0x00000043       0x44 ./Drivers/STM32F1xx_HAL_Driver/Src/stm32f1xx_hal_i2c.o
 .comment       0x00000043       0x44 ./Drivers/STM32F1xx_HAL_Driver/Src/stm32f1xx_hal_rcc.o
 .comment       0x00000043       0x44 ./Drivers/STM32F1xx_HAL_Driver/Src/stm32f1xx_hal_tim.o
 .comment       0x00000043       0x44 ./Drivers/STM32F1xx_HAL_Driver/Src/stm32f1xx_hal_tim_ex.o
 .comment       0x00000043       0x44 ./Drivers/STM32F1xx_HAL_Driver/Src/stm32f1xx_hal_uart.o

.debug_frame    0x00000000     0x48cc
 .debug_frame   0x00000000       0x34 ./Core/Src/dma.o
 .debug_frame   0x00000034       0x34 ./Core/Src/gpio.o
 .debug_frame   0x00000068       0x74 ./Core/Src/i2c.o
 .debug_frame   0x000000dc       0x68 ./Core/Src/main.o
 .debug_frame   0x00000144       0x38 ./Core/Src/stm32f1xx_hal_msp.o
 .debug_frame   0x0000017c      0x174 ./Core/Src/stm32f1xx_it.o
 .debug_frame   0x000002f0       0x58 ./Core/Src/system_stm32f1xx.o
 .debug_frame   0x00000348       0xa0 ./Core/Src/tim.o
 .debug_frame   0x000003e8       0x74 ./Core/Src/usart.o
 .debug_frame   0x0000045c      0x1f4 ./Core/Usr/Src/Robot.o
 .debug_frame   0x00000650       0x7c ./Core/Usr/Src/Usrmain.o
 .debug_frame   0x000006cc       0xd4 ./Core/Usr/Src/alpha_beta.o
 .debug_frame   0x000007a0      0x198 ./Core/Usr/Src/board.o
 .debug_frame   0x00000938       0x5c ./Core/Usr/Src/key.o
 .debug_frame   0x00000994      0x418 ./Core/Usr/Src/oled.o
 .debug_frame   0x00000dac      0x334 ./Drivers/STM32F1xx_HAL_Driver/Src/stm32f1xx_hal.o
 .debug_frame   0x000010e0      0x428 ./Drivers/STM32F1xx_HAL_Driver/Src/stm32f1xx_hal_cortex.o
 .debug_frame   0x00001508      0x208 ./Drivers/STM32F1xx_HAL_Driver/Src/stm32f1xx_hal_dma.o
 .debug_frame   0x00001710      0x14c ./Drivers/STM32F1xx_HAL_Driver/Src/stm32f1xx_hal_gpio.o
 .debug_frame   0x0000185c      0xc84 ./Drivers/STM32F1xx_HAL_Driver/Src/stm32f1xx_hal_i2c.o
 .debug_frame   0x000024e0      0x218 ./Drivers/STM32F1xx_HAL_Driver/Src/stm32f1xx_hal_rcc.o
 .debug_frame   0x000026f8     0x11bc ./Drivers/STM32F1xx_HAL_Driver/Src/stm32f1xx_hal_tim.o
 .debug_frame   0x000038b4      0x638 ./Drivers/STM32F1xx_HAL_Driver/Src/stm32f1xx_hal_tim_ex.o
 .debug_frame   0x00003eec      0x944 ./Drivers/STM32F1xx_HAL_Driver/Src/stm32f1xx_hal_uart.o
 .debug_frame   0x00004830       0x28 D:/Apps/Works/STM32/STM32CubeIDE_1.16.0/STM32CubeIDE/plugins/com.st.stm32cube.ide.mcu.externaltools.gnu-tools-for-stm32.12.3.rel1.win32_1.0.200.202406191623/tools/bin/../lib/gcc/arm-none-eabi/12.3.1/../../../../arm-none-eabi/lib/thumb/v7-m/nofp\libc_nano.a(libc_a-memcmp.o)
 .debug_frame   0x00004858       0x20 D:/Apps/Works/STM32/STM32CubeIDE_1.16.0/STM32CubeIDE/plugins/com.st.stm32cube.ide.mcu.externaltools.gnu-tools-for-stm32.12.3.rel1.win32_1.0.200.202406191623/tools/bin/../lib/gcc/arm-none-eabi/12.3.1/../../../../arm-none-eabi/lib/thumb/v7-m/nofp\libc_nano.a(libc_a-memset.o)
 .debug_frame   0x00004878       0x2c D:/Apps/Works/STM32/STM32CubeIDE_1.16.0/STM32CubeIDE/plugins/com.st.stm32cube.ide.mcu.externaltools.gnu-tools-for-stm32.12.3.rel1.win32_1.0.200.202406191623/tools/bin/../lib/gcc/arm-none-eabi/12.3.1/../../../../arm-none-eabi/lib/thumb/v7-m/nofp\libc_nano.a(libc_a-init.o)
 .debug_frame   0x000048a4       0x28 D:/Apps/Works/STM32/STM32CubeIDE_1.16.0/STM32CubeIDE/plugins/com.st.stm32cube.ide.mcu.externaltools.gnu-tools-for-stm32.12.3.rel1.win32_1.0.200.202406191623/tools/bin/../lib/gcc/arm-none-eabi/12.3.1/../../../../arm-none-eabi/lib/thumb/v7-m/nofp\libc_nano.a(libc_a-memcpy-stub.o)

.debug_line_str
                0x00000000       0x5f
 .debug_line_str
                0x00000000       0x5f ./Core/Startup/startup_stm32f103c8tx.o
