Archive member included to satisfy reference by file (symbol)

G:/STM32CubeIDE_1.16.0/STM32CubeIDE/plugins/com.st.stm32cube.ide.mcu.externaltools.gnu-tools-for-stm32.12.3.rel1.win32_1.0.200.202406191623/tools/bin/../lib/gcc/arm-none-eabi/12.3.1/../../../../arm-none-eabi/lib/thumb/v7-m/nofp\libc_nano.a(libc_a-exit.o)
                              G:/STM32CubeIDE_1.16.0/STM32CubeIDE/plugins/com.st.stm32cube.ide.mcu.externaltools.gnu-tools-for-stm32.12.3.rel1.win32_1.0.200.202406191623/tools/bin/../lib/gcc/arm-none-eabi/12.3.1/../../../../arm-none-eabi/lib/thumb/v7-m/nofp/crt0.o (exit)
G:/STM32CubeIDE_1.16.0/STM32CubeIDE/plugins/com.st.stm32cube.ide.mcu.externaltools.gnu-tools-for-stm32.12.3.rel1.win32_1.0.200.202406191623/tools/bin/../lib/gcc/arm-none-eabi/12.3.1/../../../../arm-none-eabi/lib/thumb/v7-m/nofp\libc_nano.a(libc_a-findfp.o)
                              G:/STM32CubeIDE_1.16.0/STM32CubeIDE/plugins/com.st.stm32cube.ide.mcu.externaltools.gnu-tools-for-stm32.12.3.rel1.win32_1.0.200.202406191623/tools/bin/../lib/gcc/arm-none-eabi/12.3.1/../../../../arm-none-eabi/lib/thumb/v7-m/nofp\libc_nano.a(libc_a-exit.o) (__stdio_exit_handler)
G:/STM32CubeIDE_1.16.0/STM32CubeIDE/plugins/com.st.stm32cube.ide.mcu.externaltools.gnu-tools-for-stm32.12.3.rel1.win32_1.0.200.202406191623/tools/bin/../lib/gcc/arm-none-eabi/12.3.1/../../../../arm-none-eabi/lib/thumb/v7-m/nofp\libc_nano.a(libc_a-fwalk.o)
                              G:/STM32CubeIDE_1.16.0/STM32CubeIDE/plugins/com.st.stm32cube.ide.mcu.externaltools.gnu-tools-for-stm32.12.3.rel1.win32_1.0.200.202406191623/tools/bin/../lib/gcc/arm-none-eabi/12.3.1/../../../../arm-none-eabi/lib/thumb/v7-m/nofp\libc_nano.a(libc_a-findfp.o) (_fwalk_sglue)
G:/STM32CubeIDE_1.16.0/STM32CubeIDE/plugins/com.st.stm32cube.ide.mcu.externaltools.gnu-tools-for-stm32.12.3.rel1.win32_1.0.200.202406191623/tools/bin/../lib/gcc/arm-none-eabi/12.3.1/../../../../arm-none-eabi/lib/thumb/v7-m/nofp\libc_nano.a(libc_a-printf.o)
                              ./Core/Usr/Src/alpha_beta.o (printf)
G:/STM32CubeIDE_1.16.0/STM32CubeIDE/plugins/com.st.stm32cube.ide.mcu.externaltools.gnu-tools-for-stm32.12.3.rel1.win32_1.0.200.202406191623/tools/bin/../lib/gcc/arm-none-eabi/12.3.1/../../../../arm-none-eabi/lib/thumb/v7-m/nofp\libc_nano.a(libc_a-putchar.o)
                              ./Core/Usr/Src/alpha_beta.o (putchar)
G:/STM32CubeIDE_1.16.0/STM32CubeIDE/plugins/com.st.stm32cube.ide.mcu.externaltools.gnu-tools-for-stm32.12.3.rel1.win32_1.0.200.202406191623/tools/bin/../lib/gcc/arm-none-eabi/12.3.1/../../../../arm-none-eabi/lib/thumb/v7-m/nofp\libc_nano.a(libc_a-stdio.o)
                              G:/STM32CubeIDE_1.16.0/STM32CubeIDE/plugins/com.st.stm32cube.ide.mcu.externaltools.gnu-tools-for-stm32.12.3.rel1.win32_1.0.200.202406191623/tools/bin/../lib/gcc/arm-none-eabi/12.3.1/../../../../arm-none-eabi/lib/thumb/v7-m/nofp\libc_nano.a(libc_a-findfp.o) (__sread)
G:/STM32CubeIDE_1.16.0/STM32CubeIDE/plugins/com.st.stm32cube.ide.mcu.externaltools.gnu-tools-for-stm32.12.3.rel1.win32_1.0.200.202406191623/tools/bin/../lib/gcc/arm-none-eabi/12.3.1/../../../../arm-none-eabi/lib/thumb/v7-m/nofp\libc_nano.a(libc_a-memset.o)
                              G:/STM32CubeIDE_1.16.0/STM32CubeIDE/plugins/com.st.stm32cube.ide.mcu.externaltools.gnu-tools-for-stm32.12.3.rel1.win32_1.0.200.202406191623/tools/bin/../lib/gcc/arm-none-eabi/12.3.1/../../../../arm-none-eabi/lib/thumb/v7-m/nofp/crt0.o (memset)
G:/STM32CubeIDE_1.16.0/STM32CubeIDE/plugins/com.st.stm32cube.ide.mcu.externaltools.gnu-tools-for-stm32.12.3.rel1.win32_1.0.200.202406191623/tools/bin/../lib/gcc/arm-none-eabi/12.3.1/../../../../arm-none-eabi/lib/thumb/v7-m/nofp\libc_nano.a(libc_a-closer.o)
                              G:/STM32CubeIDE_1.16.0/STM32CubeIDE/plugins/com.st.stm32cube.ide.mcu.externaltools.gnu-tools-for-stm32.12.3.rel1.win32_1.0.200.202406191623/tools/bin/../lib/gcc/arm-none-eabi/12.3.1/../../../../arm-none-eabi/lib/thumb/v7-m/nofp\libc_nano.a(libc_a-stdio.o) (_close_r)
G:/STM32CubeIDE_1.16.0/STM32CubeIDE/plugins/com.st.stm32cube.ide.mcu.externaltools.gnu-tools-for-stm32.12.3.rel1.win32_1.0.200.202406191623/tools/bin/../lib/gcc/arm-none-eabi/12.3.1/../../../../arm-none-eabi/lib/thumb/v7-m/nofp\libc_nano.a(libc_a-reent.o)
                              G:/STM32CubeIDE_1.16.0/STM32CubeIDE/plugins/com.st.stm32cube.ide.mcu.externaltools.gnu-tools-for-stm32.12.3.rel1.win32_1.0.200.202406191623/tools/bin/../lib/gcc/arm-none-eabi/12.3.1/../../../../arm-none-eabi/lib/thumb/v7-m/nofp\libc_nano.a(libc_a-closer.o) (errno)
G:/STM32CubeIDE_1.16.0/STM32CubeIDE/plugins/com.st.stm32cube.ide.mcu.externaltools.gnu-tools-for-stm32.12.3.rel1.win32_1.0.200.202406191623/tools/bin/../lib/gcc/arm-none-eabi/12.3.1/../../../../arm-none-eabi/lib/thumb/v7-m/nofp\libc_nano.a(libc_a-impure.o)
[...]
Memory Configuration

Name             Origin             Length             Attributes
RAM              0x20000000         0x00005000         xrw
FLASH            0x08000000         0x00010000         xr
*default*        0x00000000         0xffffffff

Linker script and memory map

LOAD G:/STM32CubeIDE_1.16.0/STM32CubeIDE/plugins/com.st.stm32cube.ide.mcu.externaltools.gnu-tools-for-stm32.12.3.rel1.win32_1.0.200.202406191623/tools/bin/../lib/gcc/arm-none-eabi/12.3.1/thumb/v7-m/nofp/crti.o
LOAD G:/STM32CubeIDE_1.16.0/STM32CubeIDE/plugins/com.st.stm32cube.ide.mcu.externaltools.gnu-tools-for-stm32.12.3.rel1.win32_1.0.200.202406191623/tools/bin/../lib/gcc/arm-none-eabi/12.3.1/thumb/v7-m/nofp/crtbegin.o
LOAD G:/STM32CubeIDE_1.16.0/STM32CubeIDE/plugins/com.st.stm32cube.ide.mcu.externaltools.gnu-tools-for-stm32.12.3.rel1.win32_1.0.200.202406191623/tools/bin/../lib/gcc/arm-none-eabi/12.3.1/../../../../arm-none-eabi/lib/thumb/v7-m/nofp/crt0.o
LOAD ./Core/Src/dma.o
LOAD ./Core/Src/gpio.o
LOAD ./Core/Src/main.o
LOAD ./Core/Src/stm32f1xx_hal_msp.o
LOAD ./Core/Src/stm32f1xx_it.o
LOAD ./Core/Src/syscalls.o
LOAD ./Core/Src/sysmem.o
LOAD ./Core/Src/system_stm32f1xx.o
LOAD ./Core/Src/tim.o
LOAD ./Core/Src/usart.o
LOAD ./Core/Startup/startup_stm32f103c8tx.o
LOAD ./Core/Usr/Src/Robot.o
LOAD ./Core/Usr/Src/Usrmain.o
LOAD ./Core/Usr/Src/alpha_beta.o
LOAD ./Core/Usr/Src/board.o
LOAD ./Core/Usr/Src/data.o
LOAD ./Core/Usr/Src/get_angle.o
LOAD ./Drivers/STM32F1xx_HAL_Driver/Src/stm32f1xx_hal.o
LOAD ./Drivers/STM32F1xx_HAL_Driver/Src/stm32f1xx_hal_cortex.o
LOAD ./Drivers/STM32F1xx_HAL_Driver/Src/stm32f1xx_hal_dma.o
LOAD ./Drivers/STM32F1xx_HAL_Driver/Src/stm32f1xx_hal_exti.o
LOAD ./Drivers/STM32F1xx_HAL_Driver/Src/stm32f1xx_hal_flash.o
LOAD ./Drivers/STM32F1xx_HAL_Driver/Src/stm32f1xx_hal_flash_ex.o
LOAD ./Drivers/STM32F1xx_HAL_Driver/Src/stm32f1xx_hal_gpio.o
LOAD ./Drivers/STM32F1xx_HAL_Driver/Src/stm32f1xx_hal_gpio_ex.o
LOAD ./Drivers/STM32F1xx_HAL_Driver/Src/stm32f1xx_hal_pwr.o
LOAD ./Drivers/STM32F1xx_HAL_Driver/Src/stm32f1xx_hal_rcc.o
LOAD ./Drivers/STM32F1xx_HAL_Driver/Src/stm32f1xx_hal_rcc_ex.o
LOAD ./Drivers/STM32F1xx_HAL_Driver/Src/stm32f1xx_hal_tim.o
LOAD ./Drivers/STM32F1xx_HAL_Driver/Src/stm32f1xx_hal_tim_ex.o
LOAD ./Drivers/STM32F1xx_HAL_Driver/Src/stm32f1xx_hal_uart.o
START GROUP
LOAD G:/STM32CubeIDE_1.16.0/STM32CubeIDE/plugins/com.st.stm32cube.ide.mcu.externaltools.gnu-tools-for-stm32.12.3.rel1.win32_1.0.200.202406191623/tools/bin/../lib/gcc/arm-none-eabi/12.3.1/../../../../arm-none-eabi/lib/thumb/v7-m/nofp\libc_nano.a
LOAD G:/STM32CubeIDE_1.16.0/STM32CubeIDE/plugins/com.st.stm32cube.ide.mcu.externaltools.gnu-tools-for-stm32.12.3.rel1.win32_1.0.200.202406191623/tools/bin/../lib/gcc/arm-none-eabi/12.3.1/../../../../arm-none-eabi/lib/thumb/v7-m/nofp\libm.a
END GROUP
START GROUP
LOAD G:/STM32CubeIDE_1.16.0/STM32CubeIDE/plugins/com.st.stm32cube.ide.mcu.externaltools.gnu-tools-for-stm32.12.3.rel1.win32_1.0.200.202406191623/tools/bin/../lib/gcc/arm-none-eabi/12.3.1/thumb/v7-m/nofp\libgcc.a
LOAD G:/STM32CubeIDE_1.16.0/STM32CubeIDE/plugins/com.st.stm32cube.ide.mcu.externaltools.gnu-tools-for-stm32.12.3.rel1.win32_1.0.200.202406191623/tools/bin/../lib/gcc/arm-none-eabi/12.3.1/../../../../arm-none-eabi/lib/thumb/v7-m/nofp\libc_nano.a
END GROUP
START GROUP
LOAD G:/STM32CubeIDE_1.16.0/STM32CubeIDE/plugins/com.st.stm32cube.ide.mcu.externaltools.gnu-tools-for-stm32.12.3.rel1.win32_1.0.200.202406191623/tools/bin/../lib/gcc/arm-none-eabi/12.3.1/thumb/v7-m/nofp\libgcc.a
LOAD G:/STM32CubeIDE_1.16.0/STM32CubeIDE/plugins/com.st.stm32cube.ide.mcu.externaltools.gnu-tools-for-stm32.12.3.rel1.win32_1.0.200.202406191623/tools/bin/../lib/gcc/arm-none-eabi/12.3.1/../../../../arm-none-eabi/lib/thumb/v7-m/nofp\libc_nano.a
LOAD G:/STM32CubeIDE_1.16.0/STM32CubeIDE/plugins/com.st.stm32cube.ide.mcu.externaltools.gnu-tools-for-stm32.12.3.rel1.win32_1.0.200.202406191623/tools/bin/../lib/gcc/arm-none-eabi/12.3.1/../../../../arm-none-eabi/lib/thumb/v7-m/nofp\libnosys.a
END GROUP
START GROUP
LOAD G:/STM32CubeIDE_1.16.0/STM32CubeIDE/plugins/com.st.stm32cube.ide.mcu.externaltools.gnu-tools-for-stm32.12.3.rel1.win32_1.0.200.202406191623/tools/bin/../lib/gcc/arm-none-eabi/12.3.1/thumb/v7-m/nofp\libgcc.a
LOAD G:/STM32CubeIDE_1.16.0/STM32CubeIDE/plugins/com.st.stm32cube.ide.mcu.externaltools.gnu-tools-for-stm32.12.3.rel1.win32_1.0.200.202406191623/tools/bin/../lib/gcc/arm-none-eabi/12.3.1/../../../../arm-none-eabi/lib/thumb/v7-m/nofp\libc_nano.a
LOAD G:/STM32CubeIDE_1.16.0/STM32CubeIDE/plugins/com.st.stm32cube.ide.mcu.externaltools.gnu-tools-for-stm32.12.3.rel1.win32_1.0.200.202406191623/tools/bin/../lib/gcc/arm-none-eabi/12.3.1/../../../../arm-none-eabi/lib/thumb/v7-m/nofp\libnosys.a
END GROUP
LOAD G:/STM32CubeIDE_1.16.0/STM32CubeIDE/plugins/com.st.stm32cube.ide.mcu.externaltools.gnu-tools-for-stm32.12.3.rel1.win32_1.0.200.202406191623/tools/bin/../lib/gcc/arm-none-eabi/12.3.1/thumb/v7-m/nofp/crtend.o
LOAD G:/STM32CubeIDE_1.16.0/STM32CubeIDE/plugins/com.st.stm32cube.ide.mcu.externaltools.gnu-tools-for-stm32.12.3.rel1.win32_1.0.200.202406191623/tools/bin/../lib/gcc/arm-none-eabi/12.3.1/thumb/v7-m/nofp/crtn.o
                0x20005000                        _estack = (ORIGIN (RAM) + LENGTH (RAM))
                0x00000200                        _Min_Heap_Size = 0x200
                0x00000400                        _Min_Stack_Size = 0x400

.isr_vector     0x08000000      0x10c
                0x08000000                        . = ALIGN (0x4)
 *(.isr_vector)
 .isr_vector    0x08000000      0x10c ./Core/Startup/startup_stm32f103c8tx.o
                0x08000000                g_pfnVectors
                0x0800010c                        . = ALIGN (0x4)

.text           0x0800010c     0x4f4c
                0x0800010c                        . = ALIGN (0x4)
 *(.text)
 .text          0x0800010c       0x40 G:/STM32CubeIDE_1.16.0/STM32CubeIDE/plugins/com.st.stm32cube.ide.mcu.externaltools.gnu-tools-for-stm32.12.3.rel1.win32_1.0.200.202406191623/tools/bin/../lib/gcc/arm-none-eabi/12.3.1/thumb/v7-m/nofp/crtbegin.o
 *(.text*)
 .text.MX_DMA_Init
                0x0800014c       0x4c ./Core/Src/dma.o
                0x0800014c                MX_DMA_Init
 .text.MX_GPIO_Init
                0x08000198       0xb0 ./Core/Src/gpio.o
                0x08000198                MX_GPIO_Init
 .text.main     0x08000248       0x26 ./Core/Src/main.o
                0x08000248                main
 .text.SystemClock_Config
                0x0800026e       0x8a ./Core/Src/main.o
                0x0800026e                SystemClock_Config
 .text.Error_Handler
                0x080002f8        0xc ./Core/Src/main.o
                0x080002f8                Error_Handler
 .text.HAL_MspInit
                0x08000304       0x64 ./Core/Src/stm32f1xx_hal_msp.o
                0x08000304                HAL_MspInit
 .text.NMI_Handler
                0x08000368        0x8 ./Core/Src/stm32f1xx_it.o
                0x08000368                NMI_Handler
 .text.HardFault_Handler
                0x08000370        0x8 ./Core/Src/stm32f1xx_it.o
                0x08000370                HardFault_Handler
 .text.MemManage_Handler
                0x08000378        0x8 ./Core/Src/stm32f1xx_it.o
                0x08000378                MemManage_Handler
 .text.BusFault_Handler
                0x08000380        0x8 ./Core/Src/stm32f1xx_it.o
                0x08000380                BusFault_Handler
 .text.UsageFault_Handler
                0x08000388        0x8 ./Core/Src/stm32f1xx_it.o
                0x08000388                UsageFault_Handler
 .text.SVC_Handler
                0x08000390        0xc ./Core/Src/stm32f1xx_it.o
                0x08000390                SVC_Handler
 .text.DebugMon_Handler
                0x0800039c        0xc ./Core/Src/stm32f1xx_it.o
                0x0800039c                DebugMon_Handler
 .text.PendSV_Handler
                0x080003a8        0xc ./Core/Src/stm32f1xx_it.o
                0x080003a8                PendSV_Handler
 .text.SysTick_Handler
                0x080003b4        0xc ./Core/Src/stm32f1xx_it.o
                0x080003b4                SysTick_Handler
 .text.DMA1_Channel4_IRQHandler
                0x080003c0       0x14 ./Core/Src/stm32f1xx_it.o
                0x080003c0                DMA1_Channel4_IRQHandler
 .text.DMA1_Channel5_IRQHandler
                0x080003d4       0x14 ./Core/Src/stm32f1xx_it.o
                0x080003d4                DMA1_Channel5_IRQHandler
 .text.TIM4_IRQHandler
                0x080003e8       0x14 ./Core/Src/stm32f1xx_it.o
                0x080003e8                TIM4_IRQHandler
 .text.USART1_IRQHandler
                0x080003fc       0x14 ./Core/Src/stm32f1xx_it.o
                0x080003fc                USART1_IRQHandler
 .text.SystemInit
                0x08000410        0xc ./Core/Src/system_stm32f1xx.o
                0x08000410                SystemInit
 .text.MX_TIM4_Init
                0x0800041c      0x130 ./Core/Src/tim.o
                0x0800041c                MX_TIM4_Init
 .text.HAL_TIM_Base_MspInit
                0x0800054c       0x4c ./Core/Src/tim.o
                0x0800054c                HAL_TIM_Base_MspInit
 .text.HAL_TIM_MspPostInit
                0x08000598       0x68 ./Core/Src/tim.o
                0x08000598                HAL_TIM_MspPostInit
 .text.MX_USART1_UART_Init
                0x08000600       0x54 ./Core/Src/usart.o
                0x08000600                MX_USART1_UART_Init
 .text.HAL_UART_MspInit
                0x08000654      0x154 ./Core/Src/usart.o
                0x08000654                HAL_UART_MspInit
 .text.Reset_Handler
                0x080007a8       0x48 ./Core/Startup/startup_stm32f103c8tx.o
                0x080007a8                Reset_Handler
 .text.Default_Handler
                0x080007f0        0x2 ./Core/Startup/startup_stm32f103c8tx.o
                0x080007f0                RTC_Alarm_IRQHandler
                0x080007f0                EXTI2_IRQHandler
                0x080007f0                TIM1_CC_IRQHandler
                0x080007f0                PVD_IRQHandler
                0x080007f0                EXTI3_IRQHandler
                0x080007f0                EXTI0_IRQHandler
                0x080007f0                I2C2_EV_IRQHandler
                0x080007f0                ADC1_2_IRQHandler
                0x080007f0                SPI1_IRQHandler
                0x080007f0                TAMPER_IRQHandler
                0x080007f0                USART3_IRQHandler
                0x080007f0                RTC_IRQHandler
                0x080007f0                DMA1_Channel7_IRQHandler
                0x080007f0                CAN1_RX1_IRQHandler
                0x080007f0                I2C1_EV_IRQHandler
                0x080007f0                DMA1_Channel6_IRQHandler
                0x080007f0                TIM3_IRQHandler
                0x080007f0                RCC_IRQHandler
                0x080007f0                TIM1_TRG_COM_IRQHandler
                0x080007f0                DMA1_Channel1_IRQHandler
                0x080007f0                Default_Handler
                0x080007f0                EXTI15_10_IRQHandler
                0x080007f0                EXTI9_5_IRQHandler
                0x080007f0                SPI2_IRQHandler
                0x080007f0                EXTI4_IRQHandler
                0x080007f0                USB_LP_CAN1_RX0_IRQHandler
                0x080007f0                USB_HP_CAN1_TX_IRQHandler
                0x080007f0                DMA1_Channel3_IRQHandler
                0x080007f0                TIM1_UP_IRQHandler
                0x080007f0                WWDG_IRQHandler
                0x080007f0                TIM2_IRQHandler
                0x080007f0                TIM1_BRK_IRQHandler
                0x080007f0                EXTI1_IRQHandler
                0x080007f0                USART2_IRQHandler
                0x080007f0                I2C2_ER_IRQHandler
                0x080007f0                DMA1_Channel2_IRQHandler
                0x080007f0                CAN1_SCE_IRQHandler
                0x080007f0                FLASH_IRQHandler
                0x080007f0                I2C1_ER_IRQHandler
                0x080007f0                USBWakeUp_IRQHandler
 .text.Stack_init
                0x080007f2       0x20 ./Core/Usr/Src/Robot.o
                0x080007f2                Stack_init
 .text.Stack_isEmpty
                0x08000812       0x22 ./Core/Usr/Src/Robot.o
                0x08000812                Stack_isEmpty
 .text.Stack_isFull
                0x08000834       0x26 ./Core/Usr/Src/Robot.o
                0x08000834                Stack_isFull
 .text.Stack_push
                0x0800085a       0x64 ./Core/Usr/Src/Robot.o
                0x0800085a                Stack_push
 .text.Stack_pop
                0x080008be       0x80 ./Core/Usr/Src/Robot.o
                0x080008be                Stack_pop
 *fill*         0x0800093e        0x2 
 .text.Robot_Move
                0x08000940      0x19c ./Core/Usr/Src/Robot.o
                0x08000940                Robot_Move
 .text.Robot_Move_Start
                0x08000adc      0x178 ./Core/Usr/Src/Robot.o
                0x08000adc                Robot_Move_Start
 .text.Robot_move_point
                0x08000c54      0x36c ./Core/Usr/Src/Robot.o
                0x08000c54                Robot_move_point
 .text.HAL_UART_RxCpltCallback
                0x08000fc0       0x48 ./Core/Usr/Src/Usrmain.o
                0x08000fc0                HAL_UART_RxCpltCallback
 .text.Usr_main
                0x08001008       0x50 ./Core/Usr/Src/Usrmain.o
                0x08001008                Usr_main
 .text.Usr_whilemain
                0x08001058      0x394 ./Core/Usr/Src/Usrmain.o
                0x08001058                Usr_whilemain
 .text.evaluate
                0x080013ec      0x17e ./Core/Usr/Src/alpha_beta.o
                0x080013ec                evaluate
 .text.alphaBeta
                0x0800156a      0x1a4 ./Core/Usr/Src/alpha_beta.o
                0x0800156a                alphaBeta
 .text.findBestMove
                0x0800170e       0xbe ./Core/Usr/Src/alpha_beta.o
                0x0800170e                findBestMove
 .text.count    0x080017cc       0x5c ./Core/Usr/Src/alpha_beta.o
                0x080017cc                count
 .text.Board_init
                0x08001828       0x88 ./Core/Usr/Src/board.o
                0x08001828                Board_init
 .text.Board_next_turn
                0x080018b0       0x1e ./Core/Usr/Src/board.o
                0x080018b0                Board_next_turn
 .text.Board_update_board
                0x080018ce       0x62 ./Core/Usr/Src/board.o
                0x080018ce                Board_update_board
 .text.Board_moveBoard
                0x08001930       0x3c ./Core/Usr/Src/board.o
                0x08001930                Board_moveBoard
 .text.Board_currentMove
                0x0800196c       0x84 ./Core/Usr/Src/board.o
                0x0800196c                Board_currentMove
 .text.Board_check
                0x080019f0       0xb8 ./Core/Usr/Src/board.o
                0x080019f0                Board_check
 .text.Board_receiveBoard
                0x08001aa8       0xbc ./Core/Usr/Src/board.o
                0x08001aa8                Board_receiveBoard
 .text.Board_play
                0x08001b64       0xd0 ./Core/Usr/Src/board.o
                0x08001b64                Board_play
 .text.HAL_Init
                0x08001c34       0x2c ./Drivers/STM32F1xx_HAL_Driver/Src/stm32f1xx_hal.o
                0x08001c34                HAL_Init
 .text.HAL_InitTick
                0x08001c60       0x60 ./Drivers/STM32F1xx_HAL_Driver/Src/stm32f1xx_hal.o
                0x08001c60                HAL_InitTick
 .text.HAL_IncTick
                0x08001cc0       0x24 ./Drivers/STM32F1xx_HAL_Driver/Src/stm32f1xx_hal.o
                0x08001cc0                HAL_IncTick
 .text.HAL_GetTick
                0x08001ce4       0x14 ./Drivers/STM32F1xx_HAL_Driver/Src/stm32f1xx_hal.o
                0x08001ce4                HAL_GetTick
 .text.HAL_Delay
                0x08001cf8       0x48 ./Drivers/STM32F1xx_HAL_Driver/Src/stm32f1xx_hal.o
                0x08001cf8                HAL_Delay
 .text.__NVIC_SetPriorityGrouping
                0x08001d40       0x48 ./Drivers/STM32F1xx_HAL_Driver/Src/stm32f1xx_hal_cortex.o
 .text.__NVIC_GetPriorityGrouping
                0x08001d88       0x1c ./Drivers/STM32F1xx_HAL_Driver/Src/stm32f1xx_hal_cortex.o
 .text.__NVIC_EnableIRQ
                0x08001da4       0x38 ./Drivers/STM32F1xx_HAL_Driver/Src/stm32f1xx_hal_cortex.o
 .text.__NVIC_SetPriority
                0x08001ddc       0x54 ./Drivers/STM32F1xx_HAL_Driver/Src/stm32f1xx_hal_cortex.o
 .text.NVIC_EncodePriority
                0x08001e30       0x64 ./Drivers/STM32F1xx_HAL_Driver/Src/stm32f1xx_hal_cortex.o
 .text.SysTick_Config
                0x08001e94       0x44 ./Drivers/STM32F1xx_HAL_Driver/Src/stm32f1xx_hal_cortex.o
 .text.HAL_NVIC_SetPriorityGrouping
                0x08001ed8       0x16 ./Drivers/STM32F1xx_HAL_Driver/Src/stm32f1xx_hal_cortex.o
                0x08001ed8                HAL_NVIC_SetPriorityGrouping
 .text.HAL_NVIC_SetPriority
                0x08001eee       0x38 ./Drivers/STM32F1xx_HAL_Driver/Src/stm32f1xx_hal_cortex.o
                0x08001eee                HAL_NVIC_SetPriority
 .text.HAL_NVIC_EnableIRQ
                0x08001f26       0x1c ./Drivers/STM32F1xx_HAL_Driver/Src/stm32f1xx_hal_cortex.o
                0x08001f26                HAL_NVIC_EnableIRQ
 .text.HAL_SYSTICK_Config
                0x08001f42       0x18 ./Drivers/STM32F1xx_HAL_Driver/Src/stm32f1xx_hal_cortex.o
                0x08001f42                HAL_SYSTICK_Config
 *fill*         0x08001f5a        0x2 
 .text.HAL_DMA_Init
                0x08001f5c       0xb4 ./Drivers/STM32F1xx_HAL_Driver/Src/stm32f1xx_hal_dma.o
                0x08001f5c                HAL_DMA_Init
 .text.HAL_DMA_Start_IT
                0x08002010       0xc0 ./Drivers/STM32F1xx_HAL_Driver/Src/stm32f1xx_hal_dma.o
                0x08002010                HAL_DMA_Start_IT
 .text.HAL_DMA_Abort
                0x080020d0       0x76 ./Drivers/STM32F1xx_HAL_Driver/Src/stm32f1xx_hal_dma.o
                0x080020d0                HAL_DMA_Abort
 *fill*         0x08002146        0x2 
 .text.HAL_DMA_Abort_IT
                0x08002148       0xf0 ./Drivers/STM32F1xx_HAL_Driver/Src/stm32f1xx_hal_dma.o
                0x08002148                HAL_DMA_Abort_IT
 .text.HAL_DMA_IRQHandler
                0x08002238      0x20c ./Drivers/STM32F1xx_HAL_Driver/Src/stm32f1xx_hal_dma.o
                0x08002238                HAL_DMA_IRQHandler
 .text.DMA_SetConfig
                0x08002444       0x5a ./Drivers/STM32F1xx_HAL_Driver/Src/stm32f1xx_hal_dma.o
 *fill*         0x0800249e        0x2 
 .text.HAL_GPIO_Init
                0x080024a0      0x308 ./Drivers/STM32F1xx_HAL_Driver/Src/stm32f1xx_hal_gpio.o
                0x080024a0                HAL_GPIO_Init
 .text.HAL_GPIO_WritePin
                0x080027a8       0x30 ./Drivers/STM32F1xx_HAL_Driver/Src/stm32f1xx_hal_gpio.o
                0x080027a8                HAL_GPIO_WritePin
 .text.HAL_RCC_OscConfig
                0x080027d8      0x504 ./Drivers/STM32F1xx_HAL_Driver/Src/stm32f1xx_hal_rcc.o
                0x080027d8                HAL_RCC_OscConfig
 .text.HAL_RCC_ClockConfig
                0x08002cdc      0x1d4 ./Drivers/STM32F1xx_HAL_Driver/Src/stm32f1xx_hal_rcc.o
                0x08002cdc                HAL_RCC_ClockConfig
 .text.HAL_RCC_GetSysClockFreq
                0x08002eb0       0xa8 ./Drivers/STM32F1xx_HAL_Driver/Src/stm32f1xx_hal_rcc.o
                0x08002eb0                HAL_RCC_GetSysClockFreq
 .text.HAL_RCC_GetHCLKFreq
                0x08002f58       0x14 ./Drivers/STM32F1xx_HAL_Driver/Src/stm32f1xx_hal_rcc.o
                0x08002f58                HAL_RCC_GetHCLKFreq
 .text.HAL_RCC_GetPCLK1Freq
                0x08002f6c       0x28 ./Drivers/STM32F1xx_HAL_Driver/Src/stm32f1xx_hal_rcc.o
                0x08002f6c                HAL_RCC_GetPCLK1Freq
 .text.HAL_RCC_GetPCLK2Freq
                0x08002f94       0x28 ./Drivers/STM32F1xx_HAL_Driver/Src/stm32f1xx_hal_rcc.o
                0x08002f94                HAL_RCC_GetPCLK2Freq
 .text.RCC_Delay
                0x08002fbc       0x3c ./Drivers/STM32F1xx_HAL_Driver/Src/stm32f1xx_hal_rcc.o
 .text.HAL_TIM_Base_Init
                0x08002ff8       0x9e ./Drivers/STM32F1xx_HAL_Driver/Src/stm32f1xx_hal_tim.o
                0x08002ff8                HAL_TIM_Base_Init
 .text.HAL_TIM_PWM_Init
                0x08003096       0x9e ./Drivers/STM32F1xx_HAL_Driver/Src/stm32f1xx_hal_tim.o
                0x08003096                HAL_TIM_PWM_Init
 .text.HAL_TIM_PWM_MspInit
                0x08003134       0x12 ./Drivers/STM32F1xx_HAL_Driver/Src/stm32f1xx_hal_tim.o
                0x08003134                HAL_TIM_PWM_MspInit
 *fill*         0x08003146        0x2 
 .text.HAL_TIM_PWM_Start
                0x08003148      0x144 ./Drivers/STM32F1xx_HAL_Driver/Src/stm32f1xx_hal_tim.o
                0x08003148                HAL_TIM_PWM_Start
 .text.HAL_TIM_IRQHandler
                0x0800328c      0x210 ./Drivers/STM32F1xx_HAL_Driver/Src/stm32f1xx_hal_tim.o
                0x0800328c                HAL_TIM_IRQHandler
 .text.HAL_TIM_PWM_ConfigChannel
                0x0800349c      0x184 ./Drivers/STM32F1xx_HAL_Driver/Src/stm32f1xx_hal_tim.o
                0x0800349c                HAL_TIM_PWM_ConfigChannel
 .text.HAL_TIM_ConfigClockSource
                0x08003620      0x18e ./Drivers/STM32F1xx_HAL_Driver/Src/stm32f1xx_hal_tim.o
                0x08003620                HAL_TIM_ConfigClockSource
 .text.HAL_TIM_PeriodElapsedCallback
                0x080037ae       0x12 ./Drivers/STM32F1xx_HAL_Driver/Src/stm32f1xx_hal_tim.o
                0x080037ae                HAL_TIM_PeriodElapsedCallback
 .text.HAL_TIM_OC_DelayElapsedCallback
                0x080037c0       0x12 ./Drivers/STM32F1xx_HAL_Driver/Src/stm32f1xx_hal_tim.o
                0x080037c0                HAL_TIM_OC_DelayElapsedCallback
 .text.HAL_TIM_IC_CaptureCallback
                0x080037d2       0x12 ./Drivers/STM32F1xx_HAL_Driver/Src/stm32f1xx_hal_tim.o
                0x080037d2                HAL_TIM_IC_CaptureCallback
 .text.HAL_TIM_PWM_PulseFinishedCallback
                0x080037e4       0x12 ./Drivers/STM32F1xx_HAL_Driver/Src/stm32f1xx_hal_tim.o
                0x080037e4                HAL_TIM_PWM_PulseFinishedCallback
 .text.HAL_TIM_TriggerCallback
                0x080037f6       0x12 ./Drivers/STM32F1xx_HAL_Driver/Src/stm32f1xx_hal_tim.o
                0x080037f6                HAL_TIM_TriggerCallback
 .text.TIM_Base_SetConfig
                0x08003808       0xc4 ./Drivers/STM32F1xx_HAL_Driver/Src/stm32f1xx_hal_tim.o
                0x08003808                TIM_Base_SetConfig
 .text.TIM_OC1_SetConfig
                0x080038cc       0xcc ./Drivers/STM32F1xx_HAL_Driver/Src/stm32f1xx_hal_tim.o
 .text.TIM_OC2_SetConfig
                0x08003998       0xd4 ./Drivers/STM32F1xx_HAL_Driver/Src/stm32f1xx_hal_tim.o
                0x08003998                TIM_OC2_SetConfig
 .text.TIM_OC3_SetConfig
                0x08003a6c       0xd4 ./Drivers/STM32F1xx_HAL_Driver/Src/stm32f1xx_hal_tim.o
 .text.TIM_OC4_SetConfig
                0x08003b40       0x9c ./Drivers/STM32F1xx_HAL_Driver/Src/stm32f1xx_hal_tim.o
 .text.TIM_TI1_ConfigInputStage
                0x08003bdc       0x5c ./Drivers/STM32F1xx_HAL_Driver/Src/stm32f1xx_hal_tim.o
 .text.TIM_TI2_ConfigInputStage
                0x08003c38       0x5e ./Drivers/STM32F1xx_HAL_Driver/Src/stm32f1xx_hal_tim.o
 .text.TIM_ITRx_SetConfig
                0x08003c96       0x34 ./Drivers/STM32F1xx_HAL_Driver/Src/stm32f1xx_hal_tim.o
 .text.TIM_ETR_SetConfig
                0x08003cca       0x3e ./Drivers/STM32F1xx_HAL_Driver/Src/stm32f1xx_hal_tim.o
                0x08003cca                TIM_ETR_SetConfig
 .text.TIM_CCxChannelCmd
                0x08003d08       0x48 ./Drivers/STM32F1xx_HAL_Driver/Src/stm32f1xx_hal_tim.o
                0x08003d08                TIM_CCxChannelCmd
 .text.HAL_TIMEx_MasterConfigSynchronization
                0x08003d50       0xbc ./Drivers/STM32F1xx_HAL_Driver/Src/stm32f1xx_hal_tim_ex.o
                0x08003d50                HAL_TIMEx_MasterConfigSynchronization
 .text.HAL_TIMEx_CommutCallback
                0x08003e0c       0x12 ./Drivers/STM32F1xx_HAL_Driver/Src/stm32f1xx_hal_tim_ex.o
                0x08003e0c                HAL_TIMEx_CommutCallback
 .text.HAL_TIMEx_BreakCallback
                0x08003e1e       0x12 ./Drivers/STM32F1xx_HAL_Driver/Src/stm32f1xx_hal_tim_ex.o
                0x08003e1e                HAL_TIMEx_BreakCallback
 .text.HAL_UART_Init
                0x08003e30       0xa0 ./Drivers/STM32F1xx_HAL_Driver/Src/stm32f1xx_hal_uart.o
                0x08003e30                HAL_UART_Init
 .text.HAL_UART_Transmit
                0x08003ed0      0x106 ./Drivers/STM32F1xx_HAL_Driver/Src/stm32f1xx_hal_uart.o
                0x08003ed0                HAL_UART_Transmit
 *fill*         0x08003fd6        0x2 
 .text.HAL_UART_Transmit_DMA
                0x08003fd8       0xe0 ./Drivers/STM32F1xx_HAL_Driver/Src/stm32f1xx_hal_uart.o
                0x08003fd8                HAL_UART_Transmit_DMA
 .text.HAL_UART_Receive_DMA
                0x080040b8       0x4a ./Drivers/STM32F1xx_HAL_Driver/Src/stm32f1xx_hal_uart.o
                0x080040b8                HAL_UART_Receive_DMA
 *fill*         0x08004102        0x2 
 .text.HAL_UART_IRQHandler
                0x08004104      0x524 ./Drivers/STM32F1xx_HAL_Driver/Src/stm32f1xx_hal_uart.o
                0x08004104                HAL_UART_IRQHandler
 .text.HAL_UART_TxCpltCallback
                0x08004628       0x12 ./Drivers/STM32F1xx_HAL_Driver/Src/stm32f1xx_hal_uart.o
                0x08004628                HAL_UART_TxCpltCallback
 .text.HAL_UART_TxHalfCpltCallback
                0x0800463a       0x12 ./Drivers/STM32F1xx_HAL_Driver/Src/stm32f1xx_hal_uart.o
                0x0800463a                HAL_UART_TxHalfCpltCallback
 .text.HAL_UART_RxHalfCpltCallback
                0x0800464c       0x12 ./Drivers/STM32F1xx_HAL_Driver/Src/stm32f1xx_hal_uart.o
                0x0800464c                HAL_UART_RxHalfCpltCallback
 .text.HAL_UART_ErrorCallback
                0x0800465e       0x12 ./Drivers/STM32F1xx_HAL_Driver/Src/stm32f1xx_hal_uart.o
                0x0800465e                HAL_UART_ErrorCallback
 .text.HAL_UARTEx_RxEventCallback
                0x08004670       0x16 ./Drivers/STM32F1xx_HAL_Driver/Src/stm32f1xx_hal_uart.o
                0x08004670                HAL_UARTEx_RxEventCallback
 .text.UART_DMATransmitCplt
                0x08004686       0x9a ./Drivers/STM32F1xx_HAL_Driver/Src/stm32f1xx_hal_uart.o
 .text.UART_DMATxHalfCplt
                0x08004720       0x1c ./Drivers/STM32F1xx_HAL_Driver/Src/stm32f1xx_hal_uart.o
 .text.UART_DMAReceiveCplt
                0x0800473c      0x12c ./Drivers/STM32F1xx_HAL_Driver/Src/stm32f1xx_hal_uart.o
 .text.UART_DMARxHalfCplt
                0x08004868       0x3c ./Drivers/STM32F1xx_HAL_Driver/Src/stm32f1xx_hal_uart.o
 .text.UART_DMAError
                0x080048a4       0x94 ./Drivers/STM32F1xx_HAL_Driver/Src/stm32f1xx_hal_uart.o
 .text.UART_WaitOnFlagUntilTimeout
                0x08004938       0xdc ./Drivers/STM32F1xx_HAL_Driver/Src/stm32f1xx_hal_uart.o
 .text.UART_Start_Receive_DMA
                0x08004a14      0x134 ./Drivers/STM32F1xx_HAL_Driver/Src/stm32f1xx_hal_uart.o
                0x08004a14                UART_Start_Receive_DMA
 .text.UART_EndTxTransfer
                0x08004b48       0x4e ./Drivers/STM32F1xx_HAL_Driver/Src/stm32f1xx_hal_uart.o
 .text.UART_EndRxTransfer
                0x08004b96       0xc4 ./Drivers/STM32F1xx_HAL_Driver/Src/stm32f1xx_hal_uart.o
 .text.UART_DMAAbortOnError
                0x08004c5a       0x28 ./Drivers/STM32F1xx_HAL_Driver/Src/stm32f1xx_hal_uart.o
 .text.UART_Transmit_IT
                0x08004c82       0x9e ./Drivers/STM32F1xx_HAL_Driver/Src/stm32f1xx_hal_uart.o
 .text.UART_EndTransmit_IT
                0x08004d20       0x30 ./Drivers/STM32F1xx_HAL_Driver/Src/stm32f1xx_hal_uart.o
 .text.UART_Receive_IT
                0x08004d50      0x17c ./Drivers/STM32F1xx_HAL_Driver/Src/stm32f1xx_hal_uart.o
 .text.UART_SetConfig
                0x08004ecc      0x11c ./Drivers/STM32F1xx_HAL_Driver/Src/stm32f1xx_hal_uart.o
 .text.memset   0x08004fe8       0x10 G:/STM32CubeIDE_1.16.0/STM32CubeIDE/plugins/com.st.stm32cube.ide.mcu.externaltools.gnu-tools-for-stm32.12.3.rel1.win32_1.0.200.202406191623/tools/bin/../lib/gcc/arm-none-eabi/12.3.1/../../../../arm-none-eabi/lib/thumb/v7-m/nofp\libc_nano.a(libc_a-memset.o)
                0x08004fe8                memset
 .text.__libc_init_array
                0x08004ff8       0x48 G:/STM32CubeIDE_1.16.0/STM32CubeIDE/plugins/com.st.stm32cube.ide.mcu.externaltools.gnu-tools-for-stm32.12.3.rel1.win32_1.0.200.202406191623/tools/bin/../lib/gcc/arm-none-eabi/12.3.1/../../../../arm-none-eabi/lib/thumb/v7-m/nofp\libc_nano.a(libc_a-init.o)
                0x08004ff8                __libc_init_array
 *(.glue_7)
 .glue_7        0x08005040        0x0 linker stubs
 *(.glue_7t)
 .glue_7t       0x08005040        0x0 linker stubs
 *(.eh_frame)
 .eh_frame      0x08005040        0x0 G:/STM32CubeIDE_1.16.0/STM32CubeIDE/plugins/com.st.stm32cube.ide.mcu.externaltools.gnu-tools-for-stm32.12.3.rel1.win32_1.0.200.202406191623/tools/bin/../lib/gcc/arm-none-eabi/12.3.1/thumb/v7-m/nofp/crtbegin.o
 *(.init)
 .init          0x08005040        0x4 G:/STM32CubeIDE_1.16.0/STM32CubeIDE/plugins/com.st.stm32cube.ide.mcu.externaltools.gnu-tools-for-stm32.12.3.rel1.win32_1.0.200.202406191623/tools/bin/../lib/gcc/arm-none-eabi/12.3.1/thumb/v7-m/nofp/crti.o
                0x08005040                _init
 .init          0x08005044        0x8 G:/STM32CubeIDE_1.16.0/STM32CubeIDE/plugins/com.st.stm32cube.ide.mcu.externaltools.gnu-tools-for-stm32.12.3.rel1.win32_1.0.200.202406191623/tools/bin/../lib/gcc/arm-none-eabi/12.3.1/thumb/v7-m/nofp/crtn.o
 *(.fini)
 .fini          0x0800504c        0x4 G:/STM32CubeIDE_1.16.0/STM32CubeIDE/plugins/com.st.stm32cube.ide.mcu.externaltools.gnu-tools-for-stm32.12.3.rel1.win32_1.0.200.202406191623/tools/bin/../lib/gcc/arm-none-eabi/12.3.1/thumb/v7-m/nofp/crti.o
                0x0800504c                _fini
 .fini          0x08005050        0x8 G:/STM32CubeIDE_1.16.0/STM32CubeIDE/plugins/com.st.stm32cube.ide.mcu.externaltools.gnu-tools-for-stm32.12.3.rel1.win32_1.0.200.202406191623/tools/bin/../lib/gcc/arm-none-eabi/12.3.1/thumb/v7-m/nofp/crtn.o
                0x08005058                        . = ALIGN (0x4)
                0x08005058                        _etext = .

.vfp11_veneer   0x08005058        0x0
 .vfp11_veneer  0x08005058        0x0 linker stubs

.v4_bx          0x08005058        0x0
 .v4_bx         0x08005058        0x0 linker stubs

.iplt           0x08005058        0x0
 .iplt          0x08005058        0x0 G:/STM32CubeIDE_1.16.0/STM32CubeIDE/plugins/com.st.stm32cube.ide.mcu.externaltools.gnu-tools-for-stm32.12.3.rel1.win32_1.0.200.202406191623/tools/bin/../lib/gcc/arm-none-eabi/12.3.1/thumb/v7-m/nofp/crtbegin.o

.rodata         0x08005058       0x2c
                0x08005058                        . = ALIGN (0x4)
 *(.rodata)
 *(.rodata*)
 .rodata.AHBPrescTable
                0x08005058       0x10 ./Core/Src/system_stm32f1xx.o
                0x08005058                AHBPrescTable
 .rodata.APBPrescTable
                0x08005068        0x8 ./Core/Src/system_stm32f1xx.o
                0x08005068                APBPrescTable
 .rodata.aPLLMULFactorTable.1
                0x08005070       0x10 ./Drivers/STM32F1xx_HAL_Driver/Src/stm32f1xx_hal_rcc.o
 .rodata.aPredivFactorTable.0
                0x08005080        0x2 ./Drivers/STM32F1xx_HAL_Driver/Src/stm32f1xx_hal_rcc.o
                0x08005084                        . = ALIGN (0x4)
 *fill*         0x08005082        0x2 

.ARM.extab      0x08005084        0x0
                0x08005084                        . = ALIGN (0x4)
 *(.ARM.extab* .gnu.linkonce.armextab.*)
                0x08005084                        . = ALIGN (0x4)

.ARM            0x08005084        0x0
                0x08005084                        . = ALIGN (0x4)
                0x08005084                        __exidx_start = .
 *(.ARM.exidx*)
                0x08005084                        __exidx_end = .
                0x08005084                        . = ALIGN (0x4)

.preinit_array  0x08005084        0x0
                0x08005084                        . = ALIGN (0x4)
                0x08005084                        PROVIDE (__preinit_array_start = .)
 *(.preinit_array*)
                0x08005084                        PROVIDE (__preinit_array_end = .)
                0x08005084                        . = ALIGN (0x4)

.init_array     0x08005084        0x4
                0x08005084                        . = ALIGN (0x4)
                0x08005084                        PROVIDE (__init_array_start = .)
 *(SORT_BY_NAME(.init_array.*))
 *(.init_array*)
 .init_array    0x08005084        0x4 G:/STM32CubeIDE_1.16.0/STM32CubeIDE/plugins/com.st.stm32cube.ide.mcu.externaltools.gnu-tools-for-stm32.12.3.rel1.win32_1.0.200.202406191623/tools/bin/../lib/gcc/arm-none-eabi/12.3.1/thumb/v7-m/nofp/crtbegin.o
                0x08005088                        PROVIDE (__init_array_end = .)
                0x08005088                        . = ALIGN (0x4)

.fini_array     0x08005088        0x4
                0x08005088                        . = ALIGN (0x4)
                [!provide]                        PROVIDE (__fini_array_start = .)
 *(SORT_BY_NAME(.fini_array.*))
 *(.fini_array*)
 .fini_array    0x08005088        0x4 G:/STM32CubeIDE_1.16.0/STM32CubeIDE/plugins/com.st.stm32cube.ide.mcu.externaltools.gnu-tools-for-stm32.12.3.rel1.win32_1.0.200.202406191623/tools/bin/../lib/gcc/arm-none-eabi/12.3.1/thumb/v7-m/nofp/crtbegin.o
                [!provide]                        PROVIDE (__fini_array_end = .)
                0x0800508c                        . = ALIGN (0x4)
                0x0800508c                        _sidata = LOADADDR (.data)

.rel.dyn        0x0800508c        0x0
 .rel.iplt      0x0800508c        0x0 G:/STM32CubeIDE_1.16.0/STM32CubeIDE/plugins/com.st.stm32cube.ide.mcu.externaltools.gnu-tools-for-stm32.12.3.rel1.win32_1.0.200.202406191623/tools/bin/../lib/gcc/arm-none-eabi/12.3.1/thumb/v7-m/nofp/crtbegin.o

.data           0x20000000        0xc load address 0x0800508c
                0x20000000                        . = ALIGN (0x4)
                0x20000000                        _sdata = .
 *(.data)
 *(.data*)
 .data.SystemCoreClock
                0x20000000        0x4 ./Core/Src/system_stm32f1xx.o
                0x20000000                SystemCoreClock
 .data.uwTickPrio
                0x20000004        0x4 ./Drivers/STM32F1xx_HAL_Driver/Src/stm32f1xx_hal.o
                0x20000004                uwTickPrio
 .data.uwTickFreq
                0x20000008        0x1 ./Drivers/STM32F1xx_HAL_Driver/Src/stm32f1xx_hal.o
                0x20000008                uwTickFreq
 *(.RamFunc)
 *(.RamFunc*)
                0x2000000c                        . = ALIGN (0x4)
 *fill*         0x20000009        0x3 
                0x2000000c                        _edata = .

.igot.plt       0x2000000c        0x0 load address 0x08005098
 .igot.plt      0x2000000c        0x0 G:/STM32CubeIDE_1.16.0/STM32CubeIDE/plugins/com.st.stm32cube.ide.mcu.externaltools.gnu-tools-for-stm32.12.3.rel1.win32_1.0.200.202406191623/tools/bin/../lib/gcc/arm-none-eabi/12.3.1/thumb/v7-m/nofp/crtbegin.o
                0x2000000c                        . = ALIGN (0x4)

.bss            0x20000010      0x358 load address 0x08005098
                0x20000010                        _sbss = .
                0x20000010                        __bss_start__ = _sbss
 *(.bss)
 .bss           0x20000010       0x1c G:/STM32CubeIDE_1.16.0/STM32CubeIDE/plugins/com.st.stm32cube.ide.mcu.externaltools.gnu-tools-for-stm32.12.3.rel1.win32_1.0.200.202406191623/tools/bin/../lib/gcc/arm-none-eabi/12.3.1/thumb/v7-m/nofp/crtbegin.o
 *(.bss*)
 .bss.htim4     0x2000002c       0x48 ./Core/Src/tim.o
                0x2000002c                htim4
 .bss.huart1    0x20000074       0x48 ./Core/Src/usart.o
                0x20000074                huart1
 .bss.hdma_usart1_rx
                0x200000bc       0x44 ./Core/Src/usart.o
                0x200000bc                hdma_usart1_rx
 .bss.hdma_usart1_tx
                0x20000100       0x44 ./Core/Src/usart.o
                0x20000100                hdma_usart1_tx
 .bss.whiteStack
                0x20000144       0xa8 ./Core/Usr/Src/Robot.o
                0x20000144                whiteStack
 .bss.blackStack
                0x200001ec       0xa8 ./Core/Usr/Src/Robot.o
                0x200001ec                blackStack
 .bss.Usr_chessman
                0x20000294        0xa ./Core/Usr/Src/Usrmain.o
                0x20000294                Usr_chessman
 *fill*         0x2000029e        0x2 
 .bss.Usr_UART  0x200002a0        0xb ./Core/Usr/Src/Usrmain.o
                0x200002a0                Usr_UART
 *fill*         0x200002ab        0x5 
 .bss.Robot_data
                0x200002b0       0x40 ./Core/Usr/Src/Usrmain.o
                0x200002b0                Robot_data
 .bss.opeBoard  0x200002f0       0x74 ./Core/Usr/Src/board.o
                0x200002f0                opeBoard
 .bss.uwTick    0x20000364        0x4 ./Drivers/STM32F1xx_HAL_Driver/Src/stm32f1xx_hal.o
                0x20000364                uwTick
 *(COMMON)
                0x20000368                        . = ALIGN (0x4)
                0x20000368                        _ebss = .
                0x20000368                        __bss_end__ = _ebss

._user_heap_stack
                0x20000368      0x600 load address 0x08005098
                0x20000368                        . = ALIGN (0x8)
                [!provide]                        PROVIDE (end = .)
                0x20000368                        PROVIDE (_end = .)
                0x20000568                        . = (. + _Min_Heap_Size)
 *fill*         0x20000368      0x200 
                0x20000968                        . = (. + _Min_Stack_Size)
 *fill*         0x20000568      0x400 
                0x20000968                        . = ALIGN (0x8)

/DISCARD/
 libc.a(*)
 libm.a(*)
 libgcc.a(*)

.ARM.attributes
                0x00000000       0x29
 *(.ARM.attributes)
 .ARM.attributes
                0x00000000       0x1d G:/STM32CubeIDE_1.16.0/STM32CubeIDE/plugins/com.st.stm32cube.ide.mcu.externaltools.gnu-tools-for-stm32.12.3.rel1.win32_1.0.200.202406191623/tools/bin/../lib/gcc/arm-none-eabi/12.3.1/thumb/v7-m/nofp/crti.o
 .ARM.attributes
                0x0000001d       0x2d G:/STM32CubeIDE_1.16.0/STM32CubeIDE/plugins/com.st.stm32cube.ide.mcu.externaltools.gnu-tools-for-stm32.12.3.rel1.win32_1.0.200.202406191623/tools/bin/../lib/gcc/arm-none-eabi/12.3.1/thumb/v7-m/nofp/crtbegin.o
 .ARM.attributes
                0x0000004a       0x2d ./Core/Src/dma.o
 .ARM.attributes
                0x00000077       0x2d ./Core/Src/gpio.o
 .ARM.attributes
                0x000000a4       0x2d ./Core/Src/main.o
 .ARM.attributes
                0x000000d1       0x2d ./Core/Src/stm32f1xx_hal_msp.o
 .ARM.attributes
                0x000000fe       0x2d ./Core/Src/stm32f1xx_it.o
 .ARM.attributes
                0x0000012b       0x2d ./Core/Src/system_stm32f1xx.o
 .ARM.attributes
                0x00000158       0x2d ./Core/Src/tim.o
 .ARM.attributes
                0x00000185       0x2d ./Core/Src/usart.o
 .ARM.attributes
                0x000001b2       0x21 ./Core/Startup/startup_stm32f103c8tx.o
 .ARM.attributes
                0x000001d3       0x2d ./Core/Usr/Src/Robot.o
 .ARM.attributes
                0x00000200       0x2d ./Core/Usr/Src/Usrmain.o
 .ARM.attributes
                0x0000022d       0x2d ./Core/Usr/Src/alpha_beta.o
 .ARM.attributes
                0x0000025a       0x2d ./Core/Usr/Src/board.o
 .ARM.attributes
                0x00000287       0x2d ./Drivers/STM32F1xx_HAL_Driver/Src/stm32f1xx_hal.o
 .ARM.attributes
                0x000002b4       0x2d ./Drivers/STM32F1xx_HAL_Driver/Src/stm32f1xx_hal_cortex.o
 .ARM.attributes
                0x000002e1       0x2d ./Drivers/STM32F1xx_HAL_Driver/Src/stm32f1xx_hal_dma.o
 .ARM.attributes
                0x0000030e       0x2d ./Drivers/STM32F1xx_HAL_Driver/Src/stm32f1xx_hal_gpio.o
 .ARM.attributes
                0x0000033b       0x2d ./Drivers/STM32F1xx_HAL_Driver/Src/stm32f1xx_hal_rcc.o
 .ARM.attributes
                0x00000368       0x2d ./Drivers/STM32F1xx_HAL_Driver/Src/stm32f1xx_hal_tim.o
 .ARM.attributes
                0x00000395       0x2d ./Drivers/STM32F1xx_HAL_Driver/Src/stm32f1xx_hal_tim_ex.o
 .ARM.attributes
                0x000003c2       0x2d ./Drivers/STM32F1xx_HAL_Driver/Src/stm32f1xx_hal_uart.o
 .ARM.attributes
                0x000003ef       0x2d G:/STM32CubeIDE_1.16.0/STM32CubeIDE/plugins/com.st.stm32cube.ide.mcu.externaltools.gnu-tools-for-stm32.12.3.rel1.win32_1.0.200.202406191623/tools/bin/../lib/gcc/arm-none-eabi/12.3.1/../../../../arm-none-eabi/lib/thumb/v7-m/nofp\libc_nano.a(libc_a-memset.o)
 .ARM.attributes
                0x0000041c       0x2d G:/STM32CubeIDE_1.16.0/STM32CubeIDE/plugins/com.st.stm32cube.ide.mcu.externaltools.gnu-tools-for-stm32.12.3.rel1.win32_1.0.200.202406191623/tools/bin/../lib/gcc/arm-none-eabi/12.3.1/../../../../arm-none-eabi/lib/thumb/v7-m/nofp\libc_nano.a(libc_a-init.o)
 .ARM.attributes
                0x00000449       0x1d G:/STM32CubeIDE_1.16.0/STM32CubeIDE/plugins/com.st.stm32cube.ide.mcu.externaltools.gnu-tools-for-stm32.12.3.rel1.win32_1.0.200.202406191623/tools/bin/../lib/gcc/arm-none-eabi/12.3.1/thumb/v7-m/nofp/crtn.o
OUTPUT(TEXAS.elf elf32-littlearm)
LOAD linker stubs
LOAD G:/STM32CubeIDE_1.16.0/STM32CubeIDE/plugins/com.st.stm32cube.ide.mcu.externaltools.gnu-tools-for-stm32.12.3.rel1.win32_1.0.200.202406191623/tools/bin/../lib/gcc/arm-none-eabi/12.3.1/../../../../arm-none-eabi/lib/thumb/v7-m/nofp\libc.a
LOAD G:/STM32CubeIDE_1.16.0/STM32CubeIDE/plugins/com.st.stm32cube.ide.mcu.externaltools.gnu-tools-for-stm32.12.3.rel1.win32_1.0.200.202406191623/tools/bin/../lib/gcc/arm-none-eabi/12.3.1/../../../../arm-none-eabi/lib/thumb/v7-m/nofp\libm.a
LOAD G:/STM32CubeIDE_1.16.0/STM32CubeIDE/plugins/com.st.stm32cube.ide.mcu.externaltools.gnu-tools-for-stm32.12.3.rel1.win32_1.0.200.202406191623/tools/bin/../lib/gcc/arm-none-eabi/12.3.1/thumb/v7-m/nofp\libgcc.a

.debug_info     0x00000000     0xe8ad
 .debug_info    0x00000000      0x2cf ./Core/Src/dma.o
 .debug_info    0x000002cf      0x2d3 ./Core/Src/gpio.o
 .debug_info    0x000005a2      0x2cb ./Core/Src/main.o
 .debug_info    0x0000086d      0x1f1 ./Core/Src/stm32f1xx_hal_msp.o
 .debug_info    0x00000a5e      0x994 ./Core/Src/stm32f1xx_it.o
 .debug_info    0x000013f2      0x222 ./Core/Src/system_stm32f1xx.o
 .debug_info    0x00001614      0xbb1 ./Core/Src/tim.o
 .debug_info    0x000021c5      0x975 ./Core/Src/usart.o
 .debug_info    0x00002b3a       0x30 ./Core/Startup/startup_stm32f103c8tx.o
 .debug_info    0x00002b6a      0xdad ./Core/Usr/Src/Robot.o
 .debug_info    0x00003917      0xd87 ./Core/Usr/Src/Usrmain.o
 .debug_info    0x0000469e      0x39d ./Core/Usr/Src/alpha_beta.o
 .debug_info    0x00004a3b      0xb17 ./Core/Usr/Src/board.o
 .debug_info    0x00005552      0x704 ./Drivers/STM32F1xx_HAL_Driver/Src/stm32f1xx_hal.o
 .debug_info    0x00005c56      0xa87 ./Drivers/STM32F1xx_HAL_Driver/Src/stm32f1xx_hal_cortex.o
 .debug_info    0x000066dd      0x6d2 ./Drivers/STM32F1xx_HAL_Driver/Src/stm32f1xx_hal_dma.o
 .debug_info    0x00006daf      0x5ab ./Drivers/STM32F1xx_HAL_Driver/Src/stm32f1xx_hal_gpio.o
 .debug_info    0x0000735a      0x7d5 ./Drivers/STM32F1xx_HAL_Driver/Src/stm32f1xx_hal_rcc.o
 .debug_info    0x00007b2f     0x293b ./Drivers/STM32F1xx_HAL_Driver/Src/stm32f1xx_hal_tim.o
 .debug_info    0x0000a46a     0x149b ./Drivers/STM32F1xx_HAL_Driver/Src/stm32f1xx_hal_tim_ex.o
 .debug_info    0x0000b905     0x2fa8 ./Drivers/STM32F1xx_HAL_Driver/Src/stm32f1xx_hal_uart.o

.debug_abbrev   0x00000000     0x27d1
 .debug_abbrev  0x00000000       0xfc ./Core/Src/dma.o
 .debug_abbrev  0x000000fc      0x13f ./Core/Src/gpio.o
 .debug_abbrev  0x0000023b      0x18c ./Core/Src/main.o
 .debug_abbrev  0x000003c7       0xdb ./Core/Src/stm32f1xx_hal_msp.o
 .debug_abbrev  0x000004a2      0x19b ./Core/Src/stm32f1xx_it.o
 .debug_abbrev  0x0000063d      0x13f ./Core/Src/system_stm32f1xx.o
 .debug_abbrev  0x0000077c      0x234 ./Core/Src/tim.o
 .debug_abbrev  0x000009b0      0x21b ./Core/Src/usart.o
 .debug_abbrev  0x00000bcb       0x24 ./Core/Startup/startup_stm32f103c8tx.o
 .debug_abbrev  0x00000bef      0x27f ./Core/Usr/Src/Robot.o
 .debug_abbrev  0x00000e6e      0x24d ./Core/Usr/Src/Usrmain.o
 .debug_abbrev  0x000010bb      0x147 ./Core/Usr/Src/alpha_beta.o
 .debug_abbrev  0x00001202      0x25d ./Core/Usr/Src/board.o
 .debug_abbrev  0x0000145f      0x201 ./Drivers/STM32F1xx_HAL_Driver/Src/stm32f1xx_hal.o
 .debug_abbrev  0x00001660      0x2f8 ./Drivers/STM32F1xx_HAL_Driver/Src/stm32f1xx_hal_cortex.o
 .debug_abbrev  0x00001958      0x20b ./Drivers/STM32F1xx_HAL_Driver/Src/stm32f1xx_hal_dma.o
 .debug_abbrev  0x00001b63      0x1ca ./Drivers/STM32F1xx_HAL_Driver/Src/stm32f1xx_hal_gpio.o
 .debug_abbrev  0x00001d2d      0x2b3 ./Drivers/STM32F1xx_HAL_Driver/Src/stm32f1xx_hal_rcc.o
 .debug_abbrev  0x00001fe0      0x277 ./Drivers/STM32F1xx_HAL_Driver/Src/stm32f1xx_hal_tim.o
 .debug_abbrev  0x00002257      0x282 ./Drivers/STM32F1xx_HAL_Driver/Src/stm32f1xx_hal_tim_ex.o
 .debug_abbrev  0x000024d9      0x2f8 ./Drivers/STM32F1xx_HAL_Driver/Src/stm32f1xx_hal_uart.o

.debug_aranges  0x00000000      0xd88
 .debug_aranges
                0x00000000       0x20 ./Core/Src/dma.o
 .debug_aranges
                0x00000020       0x20 ./Core/Src/gpio.o
 .debug_aranges
                0x00000040       0x30 ./Core/Src/main.o
 .debug_aranges
                0x00000070       0x20 ./Core/Src/stm32f1xx_hal_msp.o
 .debug_aranges
                0x00000090       0x80 ./Core/Src/stm32f1xx_it.o
 .debug_aranges
                0x00000110       0x28 ./Core/Src/system_stm32f1xx.o
 .debug_aranges
                0x00000138       0x38 ./Core/Src/tim.o
 .debug_aranges
                0x00000170       0x30 ./Core/Src/usart.o
 .debug_aranges
                0x000001a0       0x28 ./Core/Startup/startup_stm32f103c8tx.o
 .debug_aranges
                0x000001c8       0x68 ./Core/Usr/Src/Robot.o
 .debug_aranges
                0x00000230       0x30 ./Core/Usr/Src/Usrmain.o
 .debug_aranges
                0x00000260       0x40 ./Core/Usr/Src/alpha_beta.o
 .debug_aranges
                0x000002a0       0x60 ./Core/Usr/Src/board.o
 .debug_aranges
                0x00000300       0xe0 ./Drivers/STM32F1xx_HAL_Driver/Src/stm32f1xx_hal.o
 .debug_aranges
                0x000003e0      0x100 ./Drivers/STM32F1xx_HAL_Driver/Src/stm32f1xx_hal_cortex.o
 .debug_aranges
                0x000004e0       0x80 ./Drivers/STM32F1xx_HAL_Driver/Src/stm32f1xx_hal_dma.o
 .debug_aranges
                0x00000560       0x58 ./Drivers/STM32F1xx_HAL_Driver/Src/stm32f1xx_hal_gpio.o
 .debug_aranges
                0x000005b8       0x90 ./Drivers/STM32F1xx_HAL_Driver/Src/stm32f1xx_hal_rcc.o
 .debug_aranges
                0x00000648      0x3d0 ./Drivers/STM32F1xx_HAL_Driver/Src/stm32f1xx_hal_tim.o
 .debug_aranges
                0x00000a18      0x168 ./Drivers/STM32F1xx_HAL_Driver/Src/stm32f1xx_hal_tim_ex.o
 .debug_aranges
                0x00000b80      0x208 ./Drivers/STM32F1xx_HAL_Driver/Src/stm32f1xx_hal_uart.o

.debug_rnglists
                0x00000000      0xa92
 .debug_rnglists
                0x00000000       0x13 ./Core/Src/dma.o
 .debug_rnglists
                0x00000013       0x14 ./Core/Src/gpio.o
 .debug_rnglists
                0x00000027       0x20 ./Core/Src/main.o
 .debug_rnglists
                0x00000047       0x13 ./Core/Src/stm32f1xx_hal_msp.o
 .debug_rnglists
                0x0000005a       0x5b ./Core/Src/stm32f1xx_it.o
 .debug_rnglists
                0x000000b5       0x1a ./Core/Src/system_stm32f1xx.o
 .debug_rnglists
                0x000000cf       0x26 ./Core/Src/tim.o
 .debug_rnglists
                0x000000f5       0x20 ./Core/Src/usart.o
 .debug_rnglists
                0x00000115       0x19 ./Core/Startup/startup_stm32f103c8tx.o
 .debug_rnglists
                0x0000012e       0x4e ./Core/Usr/Src/Robot.o
 .debug_rnglists
                0x0000017c       0x20 ./Core/Usr/Src/Usrmain.o
 .debug_rnglists
                0x0000019c       0x46 ./Core/Usr/Src/alpha_beta.o
 .debug_rnglists
                0x000001e2       0x48 ./Core/Usr/Src/board.o
 .debug_rnglists
                0x0000022a       0xa3 ./Drivers/STM32F1xx_HAL_Driver/Src/stm32f1xx_hal.o
 .debug_rnglists
                0x000002cd       0xbb ./Drivers/STM32F1xx_HAL_Driver/Src/stm32f1xx_hal_cortex.o
 .debug_rnglists
                0x00000388       0x64 ./Drivers/STM32F1xx_HAL_Driver/Src/stm32f1xx_hal_dma.o
 .debug_rnglists
                0x000003ec       0x3f ./Drivers/STM32F1xx_HAL_Driver/Src/stm32f1xx_hal_gpio.o
 .debug_rnglists
                0x0000042b       0x6c ./Drivers/STM32F1xx_HAL_Driver/Src/stm32f1xx_hal_rcc.o
 .debug_rnglists
                0x00000497      0x31a ./Drivers/STM32F1xx_HAL_Driver/Src/stm32f1xx_hal_tim.o
 .debug_rnglists
                0x000007b1      0x125 ./Drivers/STM32F1xx_HAL_Driver/Src/stm32f1xx_hal_tim_ex.o
 .debug_rnglists
                0x000008d6      0x1bc ./Drivers/STM32F1xx_HAL_Driver/Src/stm32f1xx_hal_uart.o

.debug_macro    0x00000000    0x190b3
 .debug_macro   0x00000000      0x1bc ./Core/Src/dma.o
 .debug_macro   0x000001bc      0xaa8 ./Core/Src/dma.o
 .debug_macro   0x00000c64      0x221 ./Core/Src/dma.o
 .debug_macro   0x00000e85       0x2e ./Core/Src/dma.o
 .debug_macro   0x00000eb3       0x22 ./Core/Src/dma.o
 .debug_macro   0x00000ed5       0x22 ./Core/Src/dma.o
 .debug_macro   0x00000ef7       0x8e ./Core/Src/dma.o
 .debug_macro   0x00000f85       0x51 ./Core/Src/dma.o
 .debug_macro   0x00000fd6      0x103 ./Core/Src/dma.o
 .debug_macro   0x000010d9       0x6a ./Core/Src/dma.o
 .debug_macro   0x00001143      0x1df ./Core/Src/dma.o
 .debug_macro   0x00001322       0x1c ./Core/Src/dma.o
 .debug_macro   0x0000133e       0x22 ./Core/Src/dma.o
 .debug_macro   0x00001360       0xbd ./Core/Src/dma.o
 .debug_macro   0x0000141d      0xd23 ./Core/Src/dma.o
 .debug_macro   0x00002140     0xe09e ./Core/Src/dma.o
 .debug_macro   0x000101de       0x6d ./Core/Src/dma.o
 .debug_macro   0x0001024b     0x348d ./Core/Src/dma.o
 .debug_macro   0x000136d8      0x189 ./Core/Src/dma.o
 .debug_macro   0x00013861       0x5c ./Core/Src/dma.o
 .debug_macro   0x000138bd      0x5bc ./Core/Src/dma.o
 .debug_macro   0x00013e79      0x289 ./Core/Src/dma.o
 .debug_macro   0x00014102      0x1cb ./Core/Src/dma.o
 .debug_macro   0x000142cd      0x114 ./Core/Src/dma.o
 .debug_macro   0x000143e1      0x1b2 ./Core/Src/dma.o
 .debug_macro   0x00014593       0x27 ./Core/Src/dma.o
 .debug_macro   0x000145ba      0x136 ./Core/Src/dma.o
 .debug_macro   0x000146f0      0x1bc ./Core/Src/dma.o
 .debug_macro   0x000148ac       0x34 ./Core/Src/dma.o
 .debug_macro   0x000148e0       0x3c ./Core/Src/dma.o
 .debug_macro   0x0001491c       0x57 ./Core/Src/dma.o
 .debug_macro   0x00014973       0x87 ./Core/Src/dma.o
 .debug_macro   0x000149fa      0x240 ./Core/Src/dma.o
 .debug_macro   0x00014c3a      0x140 ./Core/Src/dma.o
 .debug_macro   0x00014d7a      0x8ed ./Core/Src/dma.o
 .debug_macro   0x00015667      0x28e ./Core/Src/dma.o
 .debug_macro   0x000158f5       0x83 ./Core/Src/dma.o
 .debug_macro   0x00015978       0x10 ./Core/Src/dma.o
 .debug_macro   0x00015988      0x1bc ./Core/Src/gpio.o
 .debug_macro   0x00015b44      0x39d ./Core/Src/main.o
 .debug_macro   0x00015ee1       0x61 ./Core/Src/main.o
 .debug_macro   0x00015f42       0x24 ./Core/Src/main.o
 .debug_macro   0x00015f66       0x43 ./Core/Src/main.o
 .debug_macro   0x00015fa9       0x34 ./Core/Src/main.o
 .debug_macro   0x00015fdd       0x16 ./Core/Src/main.o
 .debug_macro   0x00015ff3       0x43 ./Core/Src/main.o
 .debug_macro   0x00016036       0x34 ./Core/Src/main.o
 .debug_macro   0x0001606a       0x10 ./Core/Src/main.o
 .debug_macro   0x0001607a       0x58 ./Core/Src/main.o
 .debug_macro   0x000160d2       0x8e ./Core/Src/main.o
 .debug_macro   0x00016160       0x1c ./Core/Src/main.o
 .debug_macro   0x0001617c      0x177 ./Core/Src/main.o
 .debug_macro   0x000162f3      0x369 ./Core/Src/main.o
 .debug_macro   0x0001665c       0x10 ./Core/Src/main.o
 .debug_macro   0x0001666c       0x35 ./Core/Src/main.o
 .debug_macro   0x000166a1       0x20 ./Core/Src/main.o
 .debug_macro   0x000166c1      0x19b ./Core/Src/main.o
 .debug_macro   0x0001685c       0x2e ./Core/Src/main.o
 .debug_macro   0x0001688a       0x1c ./Core/Src/main.o
 .debug_macro   0x000168a6       0x10 ./Core/Src/main.o
 .debug_macro   0x000168b6       0x1c ./Core/Src/main.o
 .debug_macro   0x000168d2       0x16 ./Core/Src/main.o
 .debug_macro   0x000168e8      0x146 ./Core/Src/main.o
 .debug_macro   0x00016a2e       0x16 ./Core/Src/main.o
 .debug_macro   0x00016a44       0x16 ./Core/Src/main.o
 .debug_macro   0x00016a5a       0x16 ./Core/Src/main.o
 .debug_macro   0x00016a70       0x29 ./Core/Src/main.o
 .debug_macro   0x00016a99       0x7c ./Core/Src/main.o
 .debug_macro   0x00016b15       0x17 ./Core/Src/main.o
 .debug_macro   0x00016b2c      0x118 ./Core/Src/main.o
 .debug_macro   0x00016c44      0x1b2 ./Core/Src/stm32f1xx_hal_msp.o
 .debug_macro   0x00016df6      0x1bc ./Core/Src/stm32f1xx_it.o
 .debug_macro   0x00016fb2      0x1a3 ./Core/Src/system_stm32f1xx.o
 .debug_macro   0x00017155      0x1bc ./Core/Src/tim.o
 .debug_macro   0x00017311      0x1bc ./Core/Src/usart.o
 .debug_macro   0x000174cd      0x31a ./Core/Usr/Src/Robot.o
 .debug_macro   0x000177e7      0x3a9 ./Core/Usr/Src/Usrmain.o
 .debug_macro   0x00017b90      0x188 ./Core/Usr/Src/alpha_beta.o
 .debug_macro   0x00017d18       0x16 ./Core/Usr/Src/alpha_beta.o
 .debug_macro   0x00017d2e       0x9e ./Core/Usr/Src/alpha_beta.o
 .debug_macro   0x00017dcc      0x10b ./Core/Usr/Src/alpha_beta.o
 .debug_macro   0x00017ed7       0x16 ./Core/Usr/Src/alpha_beta.o
 .debug_macro   0x00017eed      0x39f ./Core/Usr/Src/board.o
 .debug_macro   0x0001828c       0x56 ./Core/Usr/Src/board.o
 .debug_macro   0x000182e2       0x16 ./Core/Usr/Src/board.o
 .debug_macro   0x000182f8      0x1c7 ./Drivers/STM32F1xx_HAL_Driver/Src/stm32f1xx_hal.o
 .debug_macro   0x000184bf      0x1a3 ./Drivers/STM32F1xx_HAL_Driver/Src/stm32f1xx_hal_cortex.o
 .debug_macro   0x00018662      0x1a3 ./Drivers/STM32F1xx_HAL_Driver/Src/stm32f1xx_hal_dma.o
 .debug_macro   0x00018805      0x20e ./Drivers/STM32F1xx_HAL_Driver/Src/stm32f1xx_hal_gpio.o
 .debug_macro   0x00018a13      0x1b5 ./Drivers/STM32F1xx_HAL_Driver/Src/stm32f1xx_hal_rcc.o
 .debug_macro   0x00018bc8      0x1a4 ./Drivers/STM32F1xx_HAL_Driver/Src/stm32f1xx_hal_tim.o
 .debug_macro   0x00018d6c      0x1a3 ./Drivers/STM32F1xx_HAL_Driver/Src/stm32f1xx_hal_tim_ex.o
 .debug_macro   0x00018f0f      0x1a4 ./Drivers/STM32F1xx_HAL_Driver/Src/stm32f1xx_hal_uart.o

.debug_line     0x00000000    0x1203c
 .debug_line    0x00000000      0x6f6 ./Core/Src/dma.o
 .debug_line    0x000006f6      0x708 ./Core/Src/gpio.o
 .debug_line    0x00000dfe      0xab9 ./Core/Src/main.o
 .debug_line    0x000018b7      0x6fa ./Core/Src/stm32f1xx_hal_msp.o
 .debug_line    0x00001fb1      0x81b ./Core/Src/stm32f1xx_it.o
 .debug_line    0x000027cc      0x777 ./Core/Src/system_stm32f1xx.o
 .debug_line    0x00002f43      0x7ce ./Core/Src/tim.o
 .debug_line    0x00003711      0x7b1 ./Core/Src/usart.o
 .debug_line    0x00003ec2       0x78 ./Core/Startup/startup_stm32f103c8tx.o
 .debug_line    0x00003f3a      0xd25 ./Core/Usr/Src/Robot.o
 .debug_line    0x00004c5f      0xbb5 ./Core/Usr/Src/Usrmain.o
 .debug_line    0x00005814      0x9b2 ./Core/Usr/Src/alpha_beta.o
 .debug_line    0x000061c6      0xcbd ./Core/Usr/Src/board.o
 .debug_line    0x00006e83      0x9a4 ./Drivers/STM32F1xx_HAL_Driver/Src/stm32f1xx_hal.o
 .debug_line    0x00007827      0xb90 ./Drivers/STM32F1xx_HAL_Driver/Src/stm32f1xx_hal_cortex.o
 .debug_line    0x000083b7      0xdfd ./Drivers/STM32F1xx_HAL_Driver/Src/stm32f1xx_hal_dma.o
 .debug_line    0x000091b4      0xa3d ./Drivers/STM32F1xx_HAL_Driver/Src/stm32f1xx_hal_gpio.o
 .debug_line    0x00009bf1      0xdad ./Drivers/STM32F1xx_HAL_Driver/Src/stm32f1xx_hal_rcc.o
 .debug_line    0x0000a99e     0x34ae ./Drivers/STM32F1xx_HAL_Driver/Src/stm32f1xx_hal_tim.o
 .debug_line    0x0000de4c     0x1903 ./Drivers/STM32F1xx_HAL_Driver/Src/stm32f1xx_hal_tim_ex.o
 .debug_line    0x0000f74f     0x28ed ./Drivers/STM32F1xx_HAL_Driver/Src/stm32f1xx_hal_uart.o

.debug_str      0x00000000    0x8b15c
 .debug_str     0x00000000    0x8359c ./Core/Src/dma.o
                              0x8393c (size before relaxing)
 .debug_str     0x0008359c       0xc4 ./Core/Src/gpio.o
                              0x836de (size before relaxing)
 .debug_str     0x00083660     0x4784 ./Core/Src/main.o
                              0x87e04 (size before relaxing)
 .debug_str     0x00087de4       0x5a ./Core/Src/stm32f1xx_hal_msp.o
                              0x83666 (size before relaxing)
 .debug_str     0x00087e3e      0x77a ./Core/Src/stm32f1xx_it.o
                              0x83e1f (size before relaxing)
 .debug_str     0x000885b8       0x7e ./Core/Src/system_stm32f1xx.o
                              0x83669 (size before relaxing)
 .debug_str     0x00088636      0x1fe ./Core/Src/tim.o
                              0x8409a (size before relaxing)
 .debug_str     0x00088834       0x7d ./Core/Src/usart.o
                              0x83e7b (size before relaxing)
 .debug_str     0x000888b1       0x44 ./Core/Startup/startup_stm32f103c8tx.o
                                 0x6e (size before relaxing)
 .debug_str     0x000888f5      0x1a1 ./Core/Usr/Src/Robot.o
                              0x87ed4 (size before relaxing)
 .debug_str     0x00088a96      0x120 ./Core/Usr/Src/Usrmain.o
                              0x8853a (size before relaxing)
 .debug_str     0x00088bb6       0x83 ./Core/Usr/Src/alpha_beta.o
                               0x723a (size before relaxing)
 .debug_str     0x00088c39       0x76 ./Core/Usr/Src/board.o
                              0x881fc (size before relaxing)
 .debug_str     0x00088caf      0x384 ./Drivers/STM32F1xx_HAL_Driver/Src/stm32f1xx_hal.o
                              0x83d9c (size before relaxing)
 .debug_str     0x00089033      0x294 ./Drivers/STM32F1xx_HAL_Driver/Src/stm32f1xx_hal_cortex.o
                              0x83ce8 (size before relaxing)
 .debug_str     0x000892c7      0x206 ./Drivers/STM32F1xx_HAL_Driver/Src/stm32f1xx_hal_dma.o
                              0x83a12 (size before relaxing)
 .debug_str     0x000894cd      0x2e1 ./Drivers/STM32F1xx_HAL_Driver/Src/stm32f1xx_hal_gpio.o
                              0x839ef (size before relaxing)
 .debug_str     0x000897ae      0x229 ./Drivers/STM32F1xx_HAL_Driver/Src/stm32f1xx_hal_rcc.o
                              0x83a98 (size before relaxing)
 .debug_str     0x000899d7      0xd44 ./Drivers/STM32F1xx_HAL_Driver/Src/stm32f1xx_hal_tim.o
                              0x84a8a (size before relaxing)
 .debug_str     0x0008a71b      0x493 ./Drivers/STM32F1xx_HAL_Driver/Src/stm32f1xx_hal_tim_ex.o
                              0x842a6 (size before relaxing)
 .debug_str     0x0008abae      0x5ae ./Drivers/STM32F1xx_HAL_Driver/Src/stm32f1xx_hal_uart.o
                              0x84109 (size before relaxing)

.comment        0x00000000       0x43
 .comment       0x00000000       0x43 ./Core/Src/dma.o
                                 0x44 (size before relaxing)
 .comment       0x00000043       0x44 ./Core/Src/gpio.o
 .comment       0x00000043       0x44 ./Core/Src/main.o
 .comment       0x00000043       0x44 ./Core/Src/stm32f1xx_hal_msp.o
 .comment       0x00000043       0x44 ./Core/Src/stm32f1xx_it.o
 .comment       0x00000043       0x44 ./Core/Src/system_stm32f1xx.o
 .comment       0x00000043       0x44 ./Core/Src/tim.o
 .comment       0x00000043       0x44 ./Core/Src/usart.o
 .comment       0x00000043       0x44 ./Core/Usr/Src/Robot.o
 .comment       0x00000043       0x44 ./Core/Usr/Src/Usrmain.o
 .comment       0x00000043       0x44 ./Core/Usr/Src/alpha_beta.o
 .comment       0x00000043       0x44 ./Core/Usr/Src/board.o
 .comment       0x00000043       0x44 ./Drivers/STM32F1xx_HAL_Driver/Src/stm32f1xx_hal.o
 .comment       0x00000043       0x44 ./Drivers/STM32F1xx_HAL_Driver/Src/stm32f1xx_hal_cortex.o
 .comment       0x00000043       0x44 ./Drivers/STM32F1xx_HAL_Driver/Src/stm32f1xx_hal_dma.o
 .comment       0x00000043       0x44 ./Drivers/STM32F1xx_HAL_Driver/Src/stm32f1xx_hal_gpio.o
 .comment       0x00000043       0x44 ./Drivers/STM32F1xx_HAL_Driver/Src/stm32f1xx_hal_rcc.o
 .comment       0x00000043       0x44 ./Drivers/STM32F1xx_HAL_Driver/Src/stm32f1xx_hal_tim.o
 .comment       0x00000043       0x44 ./Drivers/STM32F1xx_HAL_Driver/Src/stm32f1xx_hal_tim_ex.o
 .comment       0x00000043       0x44 ./Drivers/STM32F1xx_HAL_Driver/Src/stm32f1xx_hal_uart.o

.debug_frame    0x00000000     0x3690
 .debug_frame   0x00000000       0x34 ./Core/Src/dma.o
 .debug_frame   0x00000034       0x34 ./Core/Src/gpio.o
 .debug_frame   0x00000068       0x68 ./Core/Src/main.o
 .debug_frame   0x000000d0       0x38 ./Core/Src/stm32f1xx_hal_msp.o
 .debug_frame   0x00000108      0x174 ./Core/Src/stm32f1xx_it.o
 .debug_frame   0x0000027c       0x58 ./Core/Src/system_stm32f1xx.o
 .debug_frame   0x000002d4       0xa0 ./Core/Src/tim.o
 .debug_frame   0x00000374       0x74 ./Core/Src/usart.o
 .debug_frame   0x000003e8      0x1a4 ./Core/Usr/Src/Robot.o
 .debug_frame   0x0000058c       0x78 ./Core/Usr/Src/Usrmain.o
 .debug_frame   0x00000604       0xd4 ./Core/Usr/Src/alpha_beta.o
 .debug_frame   0x000006d8      0x16c ./Core/Usr/Src/board.o
 .debug_frame   0x00000844      0x334 ./Drivers/STM32F1xx_HAL_Driver/Src/stm32f1xx_hal.o
 .debug_frame   0x00000b78      0x428 ./Drivers/STM32F1xx_HAL_Driver/Src/stm32f1xx_hal_cortex.o
 .debug_frame   0x00000fa0      0x208 ./Drivers/STM32F1xx_HAL_Driver/Src/stm32f1xx_hal_dma.o
 .debug_frame   0x000011a8      0x14c ./Drivers/STM32F1xx_HAL_Driver/Src/stm32f1xx_hal_gpio.o
 .debug_frame   0x000012f4      0x218 ./Drivers/STM32F1xx_HAL_Driver/Src/stm32f1xx_hal_rcc.o
 .debug_frame   0x0000150c     0x11bc ./Drivers/STM32F1xx_HAL_Driver/Src/stm32f1xx_hal_tim.o
 .debug_frame   0x000026c8      0x638 ./Drivers/STM32F1xx_HAL_Driver/Src/stm32f1xx_hal_tim_ex.o
 .debug_frame   0x00002d00      0x944 ./Drivers/STM32F1xx_HAL_Driver/Src/stm32f1xx_hal_uart.o
 .debug_frame   0x00003644       0x20 G:/STM32CubeIDE_1.16.0/STM32CubeIDE/plugins/com.st.stm32cube.ide.mcu.externaltools.gnu-tools-for-stm32.12.3.rel1.win32_1.0.200.202406191623/tools/bin/../lib/gcc/arm-none-eabi/12.3.1/../../../../arm-none-eabi/lib/thumb/v7-m/nofp\libc_nano.a(libc_a-memset.o)
 .debug_frame   0x00003664       0x2c G:/STM32CubeIDE_1.16.0/STM32CubeIDE/plugins/com.st.stm32cube.ide.mcu.externaltools.gnu-tools-for-stm32.12.3.rel1.win32_1.0.200.202406191623/tools/bin/../lib/gcc/arm-none-eabi/12.3.1/../../../../arm-none-eabi/lib/thumb/v7-m/nofp\libc_nano.a(libc_a-init.o)

.debug_line_str
                0x00000000       0x52
 .debug_line_str
                0x00000000       0x52 ./Core/Startup/startup_stm32f103c8tx.o
